Product: MDK-ARM Standard 5.10
Component: ARM Compiler 5.04 update 1 (build 49)
Tool: armlink [5040049]

==============================================================================

Section Cross References

    app.o(i.App_Alarm) refers to stm32f0xx_hal_gpio.o(i.HAL_GPIO_WritePin) for HAL_GPIO_WritePin
    app.o(i.App_Alarm) refers to app.o(.data) for flag_alarm_on
    app.o(i.App_Display_Sensor) refers to uidiv.o(.text) for __aeabi_uidivmod
    app.o(i.App_Display_Sensor) refers to oled.o(i.OLED_P8x16) for OLED_P8x16
    app.o(i.App_Display_Sensor) refers to idiv.o(.text) for __aeabi_idivmod
    app.o(i.App_Display_Sensor) refers to oled.o(i.OLED_P8x16Str) for OLED_P8x16Str
    app.o(i.App_Display_Sensor) refers to app.o(.data) for mode_set
    app.o(i.App_Display_Sensor) refers to dht11.o(.data) for dht11_temperature
    app.o(i.App_Display_Sensor) refers to oled.o(.data) for num
    app.o(i.App_Display_Sensor) refers to adc.o(.data) for light
    app.o(i.App_Display_Sensor_Config) refers to oled.o(i.OLED_CLS) for OLED_CLS
    app.o(i.App_Display_Sensor_Config) refers to oled.o(i.OLED_P16x16Ch) for OLED_P16x16Ch
    app.o(i.App_Display_Sensor_Config) refers to oled.o(i.OLED_P8x16Str) for OLED_P8x16Str
    app.o(i.App_Display_Sensor_Config) refers to flashin.o(i.FlashIn_Read_NByte) for FlashIn_Read_NByte
    app.o(i.App_Display_Sensor_Config) refers to idiv.o(.text) for __aeabi_idivmod
    app.o(i.App_Display_Sensor_Config) refers to oled.o(i.OLED_P8x16) for OLED_P8x16
    app.o(i.App_Display_Sensor_Config) refers to app.o(i.App_Display_Sensor) for App_Display_Sensor
    app.o(i.App_Display_Sensor_Config) refers to flashin.o(.bss) for Flash_Buf
    app.o(i.App_Display_Sensor_Config) refers to app.o(.data) for min_wendu
    app.o(i.App_Display_Sensor_Config) refers to oled.o(.data) for num
    app.o(i.App_GetSensor_Point) refers to dht11.o(i.DHT11_Read) for DHT11_Read
    app.o(i.App_GetSensor_Point) refers to adc.o(i.ADC_Read_N) for ADC_Read_N
    app.o(i.App_GetSensor_Point) refers to app.o(i.App_Display_Sensor) for App_Display_Sensor
    app.o(i.App_GetSensor_Point) refers to timer.o(.data) for timer3cnt
    app.o(i.App_Key_Master) refers to key.o(i.keyscan) for keyscan
    app.o(i.App_Key_Master) refers to app.o(i.__ARM_common_switch8) for __ARM_common_switch8
    app.o(i.App_Key_Master) refers to oled.o(i.OLED_CLS) for OLED_CLS
    app.o(i.App_Key_Master) refers to idiv.o(.text) for __aeabi_idivmod
    app.o(i.App_Key_Master) refers to oled.o(i.OLED_P8x16) for OLED_P8x16
    app.o(i.App_Key_Master) refers to oled.o(i.OLED_P8x16Str) for OLED_P8x16Str
    app.o(i.App_Key_Master) refers to oled.o(i.OLED_P16x16Ch) for OLED_P16x16Ch
    app.o(i.App_Key_Master) refers to flashin.o(i.FlashIn_Erase_Page) for FlashIn_Erase_Page
    app.o(i.App_Key_Master) refers to stm32f0xx_hal_flash.o(i.HAL_FLASH_Unlock) for HAL_FLASH_Unlock
    app.o(i.App_Key_Master) refers to stm32f0xx_hal_flash.o(i.HAL_FLASH_Program) for HAL_FLASH_Program
    app.o(i.App_Key_Master) refers to stm32f0xx_hal_flash.o(i.HAL_FLASH_Lock) for HAL_FLASH_Lock
    app.o(i.App_Key_Master) refers to flashin.o(i.FlashIn_Read_NByte) for FlashIn_Read_NByte
    app.o(i.App_Key_Master) refers to app.o(i.App_Display_Sensor_Config) for App_Display_Sensor_Config
    app.o(i.App_Key_Master) refers to key.o(.data) for key_value
    app.o(i.App_Key_Master) refers to app.o(.data) for mode_set
    app.o(i.App_Key_Master) refers to oled.o(.data) for num
    app.o(i.App_Key_Master) refers to flashin.o(.bss) for Flash_Buf
    app.o(i.App_Syn_Led) refers to stm32f0xx_hal_gpio.o(i.HAL_GPIO_WritePin) for HAL_GPIO_WritePin
    app.o(i.App_Syn_Led) refers to app.o(.data) for flag_beep
    app.o(i.App_Syn_Led) refers to timer.o(.data) for cnt_led
    system.o(i.interrupt_1ms) refers to system.o(.data) for system_1ms
    system.o(i.interrupt_1ms) refers to esp8266.o(.data) for cnt_app_wifi
    system.o(i.interrupt_1ms) refers to app.o(.data) for cnt_display
    system.o(i.interrupt_1ms) refers to timer.o(.data) for timer3cnt
    system.o(i.interrupt_1ms) refers to key.o(.data) for keycnt
    system.o(i.main) refers to system.o(i.system_config) for system_config
    system.o(i.main) refers to system.o(i.system_start) for system_start
    system.o(i.system_config) refers to rcc.o(i.SystemClock_Config) for SystemClock_Config
    system.o(i.system_config) refers to usart.o(i.Usart_Config) for Usart_Config
    system.o(i.system_config) refers to timer.o(i.Timer_Config) for Timer_Config
    system.o(i.system_config) refers to gpio.o(i.GPIO_Config) for GPIO_Config
    system.o(i.system_config) refers to key.o(i.Key_Config) for Key_Config
    system.o(i.system_config) refers to esp8266.o(i.esp8266_exit_cipsend) for esp8266_exit_cipsend
    system.o(i.system_config) refers to spi.o(i.SPI_Config) for SPI_Config
    system.o(i.system_config) refers to oled.o(i.OLED_Config) for OLED_Config
[...]
    ../clib/microlib/init/entry.s            0x00000000   Number         0  entry9a.o ABSOLUTE
    ../clib/microlib/init/entry.s            0x00000000   Number         0  entry7b.o ABSOLUTE
    ../clib/microlib/init/entry.s            0x00000000   Number         0  entry7a.o ABSOLUTE
    ../clib/microlib/init/entry.s            0x00000000   Number         0  entry11b.o ABSOLUTE
    ../clib/microlib/init/entry.s            0x00000000   Number         0  entry8b.o ABSOLUTE
    ../clib/microlib/init/entry.s            0x00000000   Number         0  entry8a.o ABSOLUTE
    ../clib/microlib/init/entry.s            0x00000000   Number         0  entry.o ABSOLUTE
    ../clib/microlib/longlong.c              0x00000000   Number         0  llshl.o ABSOLUTE
    ../clib/microlib/longlong.c              0x00000000   Number         0  llushr.o ABSOLUTE
    ../clib/microlib/longlong.c              0x00000000   Number         0  llsshr.o ABSOLUTE
    ../clib/microlib/printf/printf.c         0x00000000   Number         0  printf5.o ABSOLUTE
    ../clib/microlib/printf/printf.c         0x00000000   Number         0  printf2.o ABSOLUTE
    ../clib/microlib/printf/printf.c         0x00000000   Number         0  printf3.o ABSOLUTE
    ../clib/microlib/printf/printf.c         0x00000000   Number         0  printf6.o ABSOLUTE
    ../clib/microlib/printf/printf.c         0x00000000   Number         0  printf7.o ABSOLUTE
    ../clib/microlib/printf/printf.c         0x00000000   Number         0  printf8.o ABSOLUTE
    ../clib/microlib/printf/printf.c         0x00000000   Number         0  printfa.o ABSOLUTE
    ../clib/microlib/printf/printf.c         0x00000000   Number         0  printfb.o ABSOLUTE
    ../clib/microlib/printf/printf.c         0x00000000   Number         0  printf0.o ABSOLUTE
    ../clib/microlib/printf/printf.c         0x00000000   Number         0  printf4.o ABSOLUTE
    ../clib/microlib/printf/printf.c         0x00000000   Number         0  printf1.o ABSOLUTE
    ../clib/microlib/printf/stubs.s          0x00000000   Number         0  stubs.o ABSOLUTE
    ../clib/microlib/stdio/streams.c         0x00000000   Number         0  stdout.o ABSOLUTE
    ../clib/microlib/string/memset.c         0x00000000   Number         0  memseta.o ABSOLUTE
    ../clib/microlib/stubs.s                 0x00000000   Number         0  iusefp.o ABSOLUTE
    ../fplib/microlib/fpadd.c                0x00000000   Number         0  dadd.o ABSOLUTE
    ../fplib/microlib/fpdiv.c                0x00000000   Number         0  ddiv.o ABSOLUTE
    ../fplib/microlib/fpepilogue.c           0x00000000   Number         0  depilogue.o ABSOLUTE
    ../fplib/microlib/fpfix.c                0x00000000   Number         0  dfixul.o ABSOLUTE
    ../fplib/microlib/fpflt.c                0x00000000   Number         0  dfltui.o ABSOLUTE
    ../fplib/microlib/fpmul.c                0x00000000   Number         0  dmul.o ABSOLUTE
    ..\Core\startup_stm32f030x8.s            0x00000000   Number         0  startup_stm32f030x8.o ABSOLUTE
    ..\Core\system_stm32f0xx.c               0x00000000   Number         0  system_stm32f0xx.o ABSOLUTE
    ..\PPPlib\Src\stm32f0xx_hal.c            0x00000000   Number         0  stm32f0xx_hal.o ABSOLUTE
    ..\PPPlib\Src\stm32f0xx_hal_adc.c        0x00000000   Number         0  stm32f0xx_hal_adc.o ABSOLUTE
    ..\PPPlib\Src\stm32f0xx_hal_adc_ex.c     0x00000000   Number         0  stm32f0xx_hal_adc_ex.o ABSOLUTE
    ..\PPPlib\Src\stm32f0xx_hal_cortex.c     0x00000000   Number         0  stm32f0xx_hal_cortex.o ABSOLUTE
    ..\PPPlib\Src\stm32f0xx_hal_dma.c        0x00000000   Number         0  stm32f0xx_hal_dma.o ABSOLUTE
    ..\PPPlib\Src\stm32f0xx_hal_flash.c      0x00000000   Number         0  stm32f0xx_hal_flash.o ABSOLUTE
    ..\PPPlib\Src\stm32f0xx_hal_flash_ex.c   0x00000000   Number         0  stm32f0xx_hal_flash_ex.o ABSOLUTE
    ..\PPPlib\Src\stm32f0xx_hal_gpio.c       0x00000000   Number         0  stm32f0xx_hal_gpio.o ABSOLUTE
    ..\PPPlib\Src\stm32f0xx_hal_pwr.c        0x00000000   Number         0  stm32f0xx_hal_pwr.o ABSOLUTE
    ..\PPPlib\Src\stm32f0xx_hal_pwr_ex.c     0x00000000   Number         0  stm32f0xx_hal_pwr_ex.o ABSOLUTE
    ..\PPPlib\Src\stm32f0xx_hal_rcc.c        0x00000000   Number         0  stm32f0xx_hal_rcc.o ABSOLUTE
    ..\PPPlib\Src\stm32f0xx_hal_rcc_ex.c     0x00000000   Number         0  stm32f0xx_hal_rcc_ex.o ABSOLUTE
    ..\PPPlib\Src\stm32f0xx_hal_rtc.c        0x00000000   Number         0  stm32f0xx_hal_rtc.o ABSOLUTE
    ..\PPPlib\Src\stm32f0xx_hal_rtc_ex.c     0x00000000   Number         0  stm32f0xx_hal_rtc_ex.o ABSOLUTE
    ..\PPPlib\Src\stm32f0xx_hal_spi.c        0x00000000   Number         0  stm32f0xx_hal_spi.o ABSOLUTE
    ..\PPPlib\Src\stm32f0xx_hal_spi_ex.c     0x00000000   Number         0  stm32f0xx_hal_spi_ex.o ABSOLUTE
    ..\PPPlib\Src\stm32f0xx_hal_tim.c        0x00000000   Number         0  stm32f0xx_hal_tim.o ABSOLUTE
    ..\PPPlib\Src\stm32f0xx_hal_tim_ex.c     0x00000000   Number         0  stm32f0xx_hal_tim_ex.o ABSOLUTE
    ..\PPPlib\Src\stm32f0xx_hal_uart.c       0x00000000   Number         0  stm32f0xx_hal_uart.o ABSOLUTE
    ..\\Core\\system_stm32f0xx.c             0x00000000   Number         0  system_stm32f0xx.o ABSOLUTE
    ..\\PPPlib\\Src\\stm32f0xx_hal.c         0x00000000   Number         0  stm32f0xx_hal.o ABSOLUTE
    ..\\PPPlib\\Src\\stm32f0xx_hal_adc.c     0x00000000   Number         0  stm32f0xx_hal_adc.o ABSOLUTE
    ..\\PPPlib\\Src\\stm32f0xx_hal_adc_ex.c  0x00000000   Number         0  stm32f0xx_hal_adc_ex.o ABSOLUTE
    ..\\PPPlib\\Src\\stm32f0xx_hal_cortex.c  0x00000000   Number         0  stm32f0xx_hal_cortex.o ABSOLUTE
    ..\\PPPlib\\Src\\stm32f0xx_hal_dma.c     0x00000000   Number         0  stm32f0xx_hal_dma.o ABSOLUTE
    ..\\PPPlib\\Src\\stm32f0xx_hal_flash.c   0x00000000   Number         0  stm32f0xx_hal_flash.o ABSOLUTE
    ..\\PPPlib\\Src\\stm32f0xx_hal_flash_ex.c 0x00000000   Number         0  stm32f0xx_hal_flash_ex.o ABSOLUTE
    ..\\PPPlib\\Src\\stm32f0xx_hal_gpio.c    0x00000000   Number         0  stm32f0xx_hal_gpio.o ABSOLUTE
    ..\\PPPlib\\Src\\stm32f0xx_hal_pwr.c     0x00000000   Number         0  stm32f0xx_hal_pwr.o ABSOLUTE
    ..\\PPPlib\\Src\\stm32f0xx_hal_pwr_ex.c  0x00000000   Number         0  stm32f0xx_hal_pwr_ex.o ABSOLUTE
    ..\\PPPlib\\Src\\stm32f0xx_hal_rcc.c     0x00000000   Number         0  stm32f0xx_hal_rcc.o ABSOLUTE
    ..\\PPPlib\\Src\\stm32f0xx_hal_rcc_ex.c  0x00000000   Number         0  stm32f0xx_hal_rcc_ex.o ABSOLUTE
    ..\\PPPlib\\Src\\stm32f0xx_hal_rtc.c     0x00000000   Number         0  stm32f0xx_hal_rtc.o ABSOLUTE
    ..\\PPPlib\\Src\\stm32f0xx_hal_rtc_ex.c  0x00000000   Number         0  stm32f0xx_hal_rtc_ex.o ABSOLUTE
    ..\\PPPlib\\Src\\stm32f0xx_hal_spi.c     0x00000000   Number         0  stm32f0xx_hal_spi.o ABSOLUTE
    ..\\PPPlib\\Src\\stm32f0xx_hal_spi_ex.c  0x00000000   Number         0  stm32f0xx_hal_spi_ex.o ABSOLUTE
    ..\\PPPlib\\Src\\stm32f0xx_hal_tim.c     0x00000000   Number         0  stm32f0xx_hal_tim.o ABSOLUTE
    ..\\PPPlib\\Src\\stm32f0xx_hal_tim_ex.c  0x00000000   Number         0  stm32f0xx_hal_tim_ex.o ABSOLUTE
    ..\\PPPlib\\Src\\stm32f0xx_hal_uart.c    0x00000000   Number         0  stm32f0xx_hal_uart.o ABSOLUTE
    18B20.c                                  0x00000000   Number         0  18b20.o ABSOLUTE
    18B20.c                                  0x00000000   Number         0  18b20.o ABSOLUTE
    SI24R1.c                                 0x00000000   Number         0  si24r1.o ABSOLUTE
    SI24R1.c                                 0x00000000   Number         0  si24r1.o ABSOLUTE
    adc.c                                    0x00000000   Number         0  adc.o ABSOLUTE
    adc.c                                    0x00000000   Number         0  adc.o ABSOLUTE
    app.c                                    0x00000000   Number         0  app.o ABSOLUTE
    app.c                                    0x00000000   Number         0  app.o ABSOLUTE
    cdcmple.s                                0x00000000   Number         0  cdcmple.o ABSOLUTE
    cdrcmple.s                               0x00000000   Number         0  cdrcmple.o ABSOLUTE
    dc.s                                     0x00000000   Number         0  dc.o ABSOLUTE
    dht11.c                                  0x00000000   Number         0  dht11.o ABSOLUTE
    dht11.c                                  0x00000000   Number         0  dht11.o ABSOLUTE
    esp8266.c                                0x00000000   Number         0  esp8266.o ABSOLUTE
    esp8266.c                                0x00000000   Number         0  esp8266.o ABSOLUTE
    flashin.c                                0x00000000   Number         0  flashin.o ABSOLUTE
    flashin.c                                0x00000000   Number         0  flashin.o ABSOLUTE
    gpio.c                                   0x00000000   Number         0  gpio.o ABSOLUTE
    gpio.c                                   0x00000000   Number         0  gpio.o ABSOLUTE
    handlers.s                               0x00000000   Number         0  handlers.o ABSOLUTE
    init.s                                   0x00000000   Number         0  init.o ABSOLUTE
    key.c                                    0x00000000   Number         0  key.o ABSOLUTE
    key.c                                    0x00000000   Number         0  key.o ABSOLUTE
    mhz19b.c                                 0x00000000   Number         0  mhz19b.o ABSOLUTE
    mhz19b.c                                 0x00000000   Number         0  mhz19b.o ABSOLUTE
    oled.c                                   0x00000000   Number         0  oled.o ABSOLUTE
    oled.c                                   0x00000000   Number         0  oled.o ABSOLUTE
    rcc.c                                    0x00000000   Number         0  rcc.o ABSOLUTE
    rcc.c                                    0x00000000   Number         0  rcc.o ABSOLUTE
    spi.c                                    0x00000000   Number         0  spi.o ABSOLUTE
    spi.c                                    0x00000000   Number         0  spi.o ABSOLUTE
    stm32f0xx_it.c                           0x00000000   Number         0  stm32f0xx_it.o ABSOLUTE
    stm32f0xx_it.c                           0x00000000   Number         0  stm32f0xx_it.o ABSOLUTE
    system.c                                 0x00000000   Number         0  system.o ABSOLUTE
    system.c                                 0x00000000   Number         0  system.o ABSOLUTE
    timer.c                                  0x00000000   Number         0  timer.o ABSOLUTE
    timer.c                                  0x00000000   Number         0  timer.o ABSOLUTE
    usart.c                                  0x00000000   Number         0  usart.o ABSOLUTE
    usart.c                                  0x00000000   Number         0  usart.o ABSOLUTE
    RESET                                    0x08000000   Section      180  startup_stm32f030x8.o(RESET)
    .ARM.Collect$$$$00000000                 0x080000b4   Section        0  entry.o(.ARM.Collect$$$$00000000)
    .ARM.Collect$$$$00000001                 0x080000b4   Section        4  entry2.o(.ARM.Collect$$$$00000001)
    .ARM.Collect$$$$00000004                 0x080000b8   Section        4  entry5.o(.ARM.Collect$$$$00000004)
    .ARM.Collect$$$$00000008                 0x080000bc   Section        0  entry7b.o(.ARM.Collect$$$$00000008)
    .ARM.Collect$$$$0000000A                 0x080000bc   Section        0  entry8b.o(.ARM.Collect$$$$0000000A)
    .ARM.Collect$$$$0000000B                 0x080000bc   Section        8  entry9a.o(.ARM.Collect$$$$0000000B)
    .ARM.Collect$$$$0000000D                 0x080000c4   Section        0  entry10a.o(.ARM.Collect$$$$0000000D)
    .ARM.Collect$$$$0000000F                 0x080000c4   Section        0  entry11a.o(.ARM.Collect$$$$0000000F)
    .ARM.Collect$$$$00002712                 0x080000c4   Section        4  entry2.o(.ARM.Collect$$$$00002712)
    __lit__00000000                          0x080000c4   Data           4  entry2.o(.ARM.Collect$$$$00002712)
    .text                                    0x080000c8   Section       28  startup_stm32f030x8.o(.text)
    .text                                    0x080000e4   Section        0  uidiv.o(.text)
    .text                                    0x08000110   Section        0  idiv.o(.text)
    .text                                    0x08000138   Section        0  llushr.o(.text)
    .text                                    0x0800015c   Section       36  init.o(.text)
    .text                                    0x08000180   Section        0  __dczerorl2.o(.text)
    i.ADC_Config                             0x080001d8   Section        0  adc.o(i.ADC_Config)
    i.ADC_ConversionStop                     0x080002ac   Section        0  stm32f0xx_hal_adc.o(i.ADC_ConversionStop)
    ADC_ConversionStop                       0x080002ad   Thumb Code   108  stm32f0xx_hal_adc.o(i.ADC_ConversionStop)
    i.ADC_Disable                            0x08000318   Section        0  stm32f0xx_hal_adc.o(i.ADC_Disable)
    ADC_Disable                              0x08000319   Thumb Code   170  stm32f0xx_hal_adc.o(i.ADC_Disable)
    i.ADC_Enable                             0x080003c4   Section        0  stm32f0xx_hal_adc.o(i.ADC_Enable)
    ADC_Enable                               0x080003c5   Thumb Code   198  stm32f0xx_hal_adc.o(i.ADC_Enable)
    i.ADC_Read_N                             0x08000498   Section        0  adc.o(i.ADC_Read_N)
    i.App_Alarm                              0x08000518   Section        0  app.o(i.App_Alarm)
    i.App_Display_Sensor                     0x080005bc   Section        0  app.o(i.App_Display_Sensor)
    i.App_Display_Sensor_Config              0x08000878   Section        0  app.o(i.App_Display_Sensor_Config)
    i.App_GetSensor_Point                    0x08000b54   Section        0  app.o(i.App_GetSensor_Point)
    i.App_Key_Master                         0x08000b7c   Section        0  app.o(i.App_Key_Master)
    i.App_Onenet_Cmd                         0x080014c8   Section        0  esp8266.o(i.App_Onenet_Cmd)
    i.App_Syn_Led                            0x080015d8   Section        0  app.o(i.App_Syn_Led)
    i.App_Wifi                               0x08001628   Section        0  esp8266.o(i.App_Wifi)
    i.DHT11_PIN_IN                           0x080017d8   Section        0  dht11.o(i.DHT11_PIN_IN)
    i.DHT11_PIN_OUT                          0x080017f8   Section        0  dht11.o(i.DHT11_PIN_OUT)
    i.DHT11_Read                             0x08001818   Section        0  dht11.o(i.DHT11_Read)
    i.DHT11_ReadDataBit                      0x08001938   Section        0  dht11.o(i.DHT11_ReadDataBit)
    DHT11_ReadDataBit                        0x08001939   Thumb Code   118  dht11.o(i.DHT11_ReadDataBit)
    i.DMA1_Channel2_3_IRQHandler             0x080019b8   Section        0  stm32f0xx_it.o(i.DMA1_Channel2_3_IRQHandler)
    i.DMA_SetConfig                          0x080019d0   Section        0  stm32f0xx_hal_dma.o(i.DMA_SetConfig)
    DMA_SetConfig                            0x080019d1   Thumb Code    32  stm32f0xx_hal_dma.o(i.DMA_SetConfig)
    i.EXTI0_1_IRQHandler                     0x080019f0   Section        0  stm32f0xx_it.o(i.EXTI0_1_IRQHandler)
    i.FLASH_MassErase                        0x080019fc   Section        0  stm32f0xx_hal_flash_ex.o(i.FLASH_MassErase)
    FLASH_MassErase                          0x080019fd   Thumb Code    32  stm32f0xx_hal_flash_ex.o(i.FLASH_MassErase)
    i.FLASH_PageErase                        0x08001a24   Section        0  stm32f0xx_hal_flash_ex.o(i.FLASH_PageErase)
    i.FLASH_Program_HalfWord                 0x08001a50   Section        0  stm32f0xx_hal_flash.o(i.FLASH_Program_HalfWord)
    FLASH_Program_HalfWord                   0x08001a51   Thumb Code    22  stm32f0xx_hal_flash.o(i.FLASH_Program_HalfWord)
    i.FLASH_SetErrorCode                     0x08001a70   Section        0  stm32f0xx_hal_flash.o(i.FLASH_SetErrorCode)
    FLASH_SetErrorCode                       0x08001a71   Thumb Code    64  stm32f0xx_hal_flash.o(i.FLASH_SetErrorCode)
    i.FLASH_WaitForLastOperation             0x08001ab8   Section        0  stm32f0xx_hal_flash.o(i.FLASH_WaitForLastOperation)
    i.FlashIn_Erase_Page                     0x08001b20   Section        0  flashin.o(i.FlashIn_Erase_Page)
    i.FlashIn_Read_Byte                      0x08001b44   Section        0  flashin.o(i.FlashIn_Read_Byte)
    FlashIn_Read_Byte                        0x08001b45   Thumb Code     8  flashin.o(i.FlashIn_Read_Byte)
    i.FlashIn_Read_NByte                     0x08001b4c   Section        0  flashin.o(i.FlashIn_Read_NByte)
    i.FlashIn_Write_NByte                    0x08001b7c   Section        0  flashin.o(i.FlashIn_Write_NByte)
    i.GPIO_Config                            0x08001bbc   Section        0  gpio.o(i.GPIO_Config)
    i.HAL_ADCEx_Calibration_Start            0x08001cbc   Section        0  stm32f0xx_hal_adc_ex.o(i.HAL_ADCEx_Calibration_Start)
    i.HAL_ADC_ConfigChannel                  0x08001d80   Section        0  stm32f0xx_hal_adc.o(i.HAL_ADC_ConfigChannel)
    i.HAL_ADC_GetValue                       0x08001f08   Section        0  stm32f0xx_hal_adc.o(i.HAL_ADC_GetValue)
    i.HAL_ADC_Init                           0x08001f10   Section        0  stm32f0xx_hal_adc.o(i.HAL_ADC_Init)
    i.HAL_ADC_MspInit                        0x080020d0   Section        0  stm32f0xx_hal_adc.o(i.HAL_ADC_MspInit)
    i.HAL_ADC_PollForConversion              0x080020d2   Section        0  stm32f0xx_hal_adc.o(i.HAL_ADC_PollForConversion)
    i.HAL_ADC_Start                          0x080021b8   Section        0  stm32f0xx_hal_adc.o(i.HAL_ADC_Start)
    i.HAL_ADC_Stop                           0x08002230   Section        0  stm32f0xx_hal_adc.o(i.HAL_ADC_Stop)
    i.HAL_DMA_IRQHandler                     0x08002280   Section        0  stm32f0xx_hal_dma.o(i.HAL_DMA_IRQHandler)
    i.HAL_DMA_Init                           0x080024e4   Section        0  stm32f0xx_hal_dma.o(i.HAL_DMA_Init)
    i.HAL_DMA_Start_IT                       0x08002540   Section        0  stm32f0xx_hal_dma.o(i.HAL_DMA_Start_IT)
    i.HAL_FLASHEx_Erase                      0x080025b4   Section        0  stm32f0xx_hal_flash_ex.o(i.HAL_FLASHEx_Erase)
    i.HAL_FLASH_Lock                         0x08002660   Section        0  stm32f0xx_hal_flash.o(i.HAL_FLASH_Lock)
    i.HAL_FLASH_Program                      0x08002674   Section        0  stm32f0xx_hal_flash.o(i.HAL_FLASH_Program)
    i.HAL_FLASH_Unlock                       0x08002730   Section        0  stm32f0xx_hal_flash.o(i.HAL_FLASH_Unlock)
    i.HAL_GPIO_EXTI_Callback                 0x0800275c   Section        0  stm32f0xx_hal_gpio.o(i.HAL_GPIO_EXTI_Callback)
    i.HAL_GPIO_EXTI_IRQHandler               0x08002760   Section        0  stm32f0xx_hal_gpio.o(i.HAL_GPIO_EXTI_IRQHandler)
    i.HAL_GPIO_Init                          0x08002780   Section        0  stm32f0xx_hal_gpio.o(i.HAL_GPIO_Init)
    i.HAL_GPIO_ReadPin                       0x08002970   Section        0  stm32f0xx_hal_gpio.o(i.HAL_GPIO_ReadPin)
    i.HAL_GPIO_WritePin                      0x08002982   Section        0  stm32f0xx_hal_gpio.o(i.HAL_GPIO_WritePin)
    i.HAL_GetTick                            0x08002990   Section        0  stm32f0xx_hal.o(i.HAL_GetTick)
    i.HAL_IncTick                            0x0800299c   Section        0  stm32f0xx_hal.o(i.HAL_IncTick)
    i.HAL_InitTick                           0x080029ac   Section        0  stm32f0xx_hal.o(i.HAL_InitTick)
    i.HAL_NVIC_EnableIRQ                     0x080029d4   Section        0  stm32f0xx_hal_cortex.o(i.HAL_NVIC_EnableIRQ)
    i.HAL_NVIC_SetPriority                   0x080029ec   Section        0  stm32f0xx_hal_cortex.o(i.HAL_NVIC_SetPriority)
    i.HAL_RCCEx_PeriphCLKConfig              0x08002a00   Section        0  stm32f0xx_hal_rcc_ex.o(i.HAL_RCCEx_PeriphCLKConfig)
    i.HAL_RCC_ClockConfig                    0x08002b4c   Section        0  stm32f0xx_hal_rcc.o(i.HAL_RCC_ClockConfig)
    i.HAL_RCC_GetHCLKFreq                    0x08002ce0   Section        0  stm32f0xx_hal_rcc.o(i.HAL_RCC_GetHCLKFreq)
    i.HAL_RCC_GetPCLK1Freq                   0x08002cec   Section        0  stm32f0xx_hal_rcc.o(i.HAL_RCC_GetPCLK1Freq)
    i.HAL_RCC_GetSysClockFreq                0x08002d10   Section        0  stm32f0xx_hal_rcc.o(i.HAL_RCC_GetSysClockFreq)
    i.HAL_RCC_OscConfig                      0x08002dd8   Section        0  stm32f0xx_hal_rcc.o(i.HAL_RCC_OscConfig)
    i.HAL_SPI_Init                           0x08003324   Section        0  stm32f0xx_hal_spi.o(i.HAL_SPI_Init)
    i.HAL_SPI_MspInit                        0x08003414   Section        0  stm32f0xx_hal_spi.o(i.HAL_SPI_MspInit)
    i.HAL_SPI_Transmit                       0x08003418   Section        0  stm32f0xx_hal_spi.o(i.HAL_SPI_Transmit)
    i.HAL_SYSTICK_Config                     0x080035e4   Section        0  stm32f0xx_hal_cortex.o(i.HAL_SYSTICK_Config)
    i.HAL_TIMEx_BreakCallback                0x0800361c   Section        0  stm32f0xx_hal_tim_ex.o(i.HAL_TIMEx_BreakCallback)
    i.HAL_TIMEx_CommutationCallback          0x0800361e   Section        0  stm32f0xx_hal_tim_ex.o(i.HAL_TIMEx_CommutationCallback)
    i.HAL_TIM_Base_Init                      0x08003620   Section        0  stm32f0xx_hal_tim.o(i.HAL_TIM_Base_Init)
    i.HAL_TIM_Base_MspInit                   0x08003658   Section        0  stm32f0xx_hal_tim.o(i.HAL_TIM_Base_MspInit)
    i.HAL_TIM_Base_Start_IT                  0x0800365a   Section        0  stm32f0xx_hal_tim.o(i.HAL_TIM_Base_Start_IT)
    i.HAL_TIM_IC_CaptureCallback             0x08003678   Section        0  stm32f0xx_hal_tim.o(i.HAL_TIM_IC_CaptureCallback)
    i.HAL_TIM_IRQHandler                     0x0800367a   Section        0  stm32f0xx_hal_tim.o(i.HAL_TIM_IRQHandler)
    i.HAL_TIM_OC_DelayElapsedCallback        0x08003842   Section        0  stm32f0xx_hal_tim.o(i.HAL_TIM_OC_DelayElapsedCallback)
    i.HAL_TIM_PWM_PulseFinishedCallback      0x08003844   Section        0  stm32f0xx_hal_tim.o(i.HAL_TIM_PWM_PulseFinishedCallback)
    i.HAL_TIM_PeriodElapsedCallback          0x08003848   Section        0  timer.o(i.HAL_TIM_PeriodElapsedCallback)
    i.HAL_TIM_TriggerCallback                0x0800387c   Section        0  stm32f0xx_hal_tim.o(i.HAL_TIM_TriggerCallback)
    i.HAL_UART_ErrorCallback                 0x0800387e   Section        0  stm32f0xx_hal_uart.o(i.HAL_UART_ErrorCallback)
    i.HAL_UART_IRQHandler                    0x08003880   Section        0  stm32f0xx_hal_uart.o(i.HAL_UART_IRQHandler)
    i.HAL_UART_Init                          0x0800398a   Section        0  stm32f0xx_hal_uart.o(i.HAL_UART_Init)
    i.HAL_UART_MspInit                       0x08003a0c   Section        0  stm32f0xx_hal_uart.o(i.HAL_UART_MspInit)
    i.HAL_UART_Receive_DMA                   0x08003a10   Section        0  stm32f0xx_hal_uart.o(i.HAL_UART_Receive_DMA)
    i.HAL_UART_Receive_IT                    0x08003ac0   Section        0  stm32f0xx_hal_uart.o(i.HAL_UART_Receive_IT)
    i.HAL_UART_RxCpltCallback                0x08003b98   Section        0  usart.o(i.HAL_UART_RxCpltCallback)
    i.HAL_UART_RxHalfCpltCallback            0x08003c30   Section        0  stm32f0xx_hal_uart.o(i.HAL_UART_RxHalfCpltCallback)
    i.HAL_UART_Transmit_IT                   0x08003c32   Section        0  stm32f0xx_hal_uart.o(i.HAL_UART_Transmit_IT)
    i.HAL_UART_TxCpltCallback                0x08003cae   Section        0  usart.o(i.HAL_UART_TxCpltCallback)
    i.HardFault_Handler                      0x08003cb0   Section        0  stm32f0xx_it.o(i.HardFault_Handler)
    i.Key_Config                             0x08003cb4   Section        0  key.o(i.Key_Config)
    i.Login_OneNet                           0x08003d00   Section        0  esp8266.o(i.Login_OneNet)
    i.NMI_Handler                            0x08003d20   Section        0  stm32f0xx_it.o(i.NMI_Handler)
    i.NVIC_SetPriority                       0x08003d24   Section        0  stm32f0xx_hal_cortex.o(i.NVIC_SetPriority)
    NVIC_SetPriority                         0x08003d25   Thumb Code   110  stm32f0xx_hal_cortex.o(i.NVIC_SetPriority)
    i.OLED_CLS                               0x08003d9c   Section        0  oled.o(i.OLED_CLS)
    i.OLED_Config                            0x08003dd4   Section        0  oled.o(i.OLED_Config)
    i.OLED_Fill                              0x08003f08   Section        0  oled.o(i.OLED_Fill)
    OLED_Fill                                0x08003f09   Thumb Code    58  oled.o(i.OLED_Fill)
    i.OLED_P16x16Ch                          0x08003f44   Section        0  oled.o(i.OLED_P16x16Ch)
    i.OLED_P8x16                             0x08003f94   Section        0  oled.o(i.OLED_P8x16)
    i.OLED_P8x16Str                          0x0800400c   Section        0  oled.o(i.OLED_P8x16Str)
    i.OLED_Set_Pos                           0x08004098   Section        0  oled.o(i.OLED_Set_Pos)
    OLED_Set_Pos                             0x08004099   Thumb Code    46  oled.o(i.OLED_Set_Pos)
    i.OLED_WrCmd                             0x080040c8   Section        0  oled.o(i.OLED_WrCmd)
    OLED_WrCmd                               0x080040c9   Thumb Code    26  oled.o(i.OLED_WrCmd)
    i.OLED_WrDat                             0x080040f0   Section        0  oled.o(i.OLED_WrDat)
    OLED_WrDat                               0x080040f1   Thumb Code    26  oled.o(i.OLED_WrDat)
    i.PendSV_Handler                         0x08004118   Section        0  stm32f0xx_it.o(i.PendSV_Handler)
    i.SPI_Config                             0x0800411c   Section        0  spi.o(i.SPI_Config)
    i.SPI_EndRxTxTransaction                 0x080041d0   Section        0  stm32f0xx_hal_spi.o(i.SPI_EndRxTxTransaction)
    SPI_EndRxTxTransaction                   0x080041d1   Thumb Code    68  stm32f0xx_hal_spi.o(i.SPI_EndRxTxTransaction)
    i.SPI_WaitFifoStateUntilTimeout          0x08004214   Section        0  stm32f0xx_hal_spi.o(i.SPI_WaitFifoStateUntilTimeout)
    SPI_WaitFifoStateUntilTimeout            0x08004215   Thumb Code   188  stm32f0xx_hal_spi.o(i.SPI_WaitFifoStateUntilTimeout)
    i.SPI_WaitFlagStateUntilTimeout          0x080042d4   Section        0  stm32f0xx_hal_spi.o(i.SPI_WaitFlagStateUntilTimeout)
    SPI_WaitFlagStateUntilTimeout            0x080042d5   Thumb Code   166  stm32f0xx_hal_spi.o(i.SPI_WaitFlagStateUntilTimeout)
    i.SVC_Handler                            0x08004380   Section        0  stm32f0xx_it.o(i.SVC_Handler)
    i.SysTick_Handler                        0x08004382   Section        0  stm32f0xx_it.o(i.SysTick_Handler)
    i.SysTick_timing                         0x08004390   Section        0  rcc.o(i.SysTick_timing)
    i.SystemClock_Config                     0x080043a8   Section        0  rcc.o(i.SystemClock_Config)
    i.SystemInit                             0x08004404   Section        0  system_stm32f0xx.o(i.SystemInit)
    i.TIM14_IRQHandler                       0x08004478   Section        0  stm32f0xx_it.o(i.TIM14_IRQHandler)
    i.TIM15_IRQHandler                       0x08004488   Section        0  stm32f0xx_it.o(i.TIM15_IRQHandler)
    i.TIM3_IRQHandler                        0x08004498   Section        0  stm32f0xx_it.o(i.TIM3_IRQHandler)
    i.TIM_Base_SetConfig                     0x080044a8   Section        0  stm32f0xx_hal_tim.o(i.TIM_Base_SetConfig)
    i.Timer3_Config                          0x0800453c   Section        0  timer.o(i.Timer3_Config)
    i.Timer_Config                           0x080045a4   Section        0  timer.o(i.Timer_Config)
    i.UART_AdvFeatureConfig                  0x080045ac   Section        0  stm32f0xx_hal_uart.o(i.UART_AdvFeatureConfig)
    i.UART_CheckIdleState                    0x0800469c   Section        0  stm32f0xx_hal_uart.o(i.UART_CheckIdleState)
    i.UART_DMAError                          0x080046ba   Section        0  stm32f0xx_hal_uart.o(i.UART_DMAError)
    UART_DMAError                            0x080046bb   Thumb Code    42  stm32f0xx_hal_uart.o(i.UART_DMAError)
    i.UART_DMAReceiveCplt                    0x080046e4   Section        0  stm32f0xx_hal_uart.o(i.UART_DMAReceiveCplt)
    UART_DMAReceiveCplt                      0x080046e5   Thumb Code    50  stm32f0xx_hal_uart.o(i.UART_DMAReceiveCplt)
    i.UART_DMARxHalfCplt                     0x08004716   Section        0  stm32f0xx_hal_uart.o(i.UART_DMARxHalfCplt)
    UART_DMARxHalfCplt                       0x08004717   Thumb Code    14  stm32f0xx_hal_uart.o(i.UART_DMARxHalfCplt)
    i.UART_DMA_Config                        0x08004724   Section        0  usart.o(i.UART_DMA_Config)
    UART_DMA_Config                          0x08004725   Thumb Code   144  usart.o(i.UART_DMA_Config)
    i.UART_EndTransmit_IT                    0x080047c4   Section        0  stm32f0xx_hal_uart.o(i.UART_EndTransmit_IT)
    i.UART_Receive_IT                        0x080047e4   Section        0  stm32f0xx_hal_uart.o(i.UART_Receive_IT)
    i.UART_SetConfig                         0x08004880   Section        0  stm32f0xx_hal_uart.o(i.UART_SetConfig)
    i.UART_Transmit_IT                       0x08004a64   Section        0  stm32f0xx_hal_uart.o(i.UART_Transmit_IT)
    i.USART1_IRQHandler                      0x08004ad8   Section        0  stm32f0xx_it.o(i.USART1_IRQHandler)
    i.USART2_IRQHandler                      0x08004ae8   Section        0  stm32f0xx_it.o(i.USART2_IRQHandler)
    i.Usart1_Config                          0x08004af8   Section        0  usart.o(i.Usart1_Config)
    i.Usart2_Config                          0x08004bec   Section        0  usart.o(i.Usart2_Config)
    i.Usart_Config                           0x08004cd4   Section        0  usart.o(i.Usart_Config)
    i.__0printf$3                            0x08004ce0   Section        0  printf3.o(i.__0printf$3)
    i.__ARM_common_switch8                   0x08004d00   Section        0  app.o(i.__ARM_common_switch8)
    i.__scatterload_copy                     0x08004d1c   Section       14  handlers.o(i.__scatterload_copy)
    i.__scatterload_null                     0x08004d2a   Section        2  handlers.o(i.__scatterload_null)
    i.__scatterload_zeroinit                 0x08004d2c   Section       14  handlers.o(i.__scatterload_zeroinit)
    i._printf_core                           0x08004d3c   Section        0  printf3.o(i._printf_core)
    _printf_core                             0x08004d3d   Thumb Code   456  printf3.o(i._printf_core)
    i.delayms                                0x08004f08   Section        0  rcc.o(i.delayms)
    i.delayus                                0x08004f2c   Section        0  dht11.o(i.delayus)
    delayus                                  0x08004f2d   Thumb Code    36  dht11.o(i.delayus)
    i.esp8266_exit_cipsend                   0x08004f50   Section        0  esp8266.o(i.esp8266_exit_cipsend)
    i.esp8266_sta_connect                    0x08004fe0   Section        0  esp8266.o(i.esp8266_sta_connect)
    i.esp8266_usart_isr                      0x080053b4   Section        0  esp8266.o(i.esp8266_usart_isr)
    i.fputc                                  0x080055d0   Section        0  usart.o(i.fputc)
    i.interrupt_1ms                          0x080055f0   Section        0  system.o(i.interrupt_1ms)
    i.keyscan                                0x0800569c   Section        0  key.o(i.keyscan)
    i.main                                   0x08005768   Section        0  system.o(i.main)
    i.system_config                          0x08005770   Section        0  system.o(i.system_config)
    i.system_start                           0x080057ac   Section        0  system.o(i.system_start)
    i.uart_set_net_info                      0x080057fc   Section        0  esp8266.o(i.uart_set_net_info)
    i.usart_sentdata                         0x08005b44   Section        0  usart.o(i.usart_sentdata)
    i.usart_sentstring                       0x08005b94   Section        0  usart.o(i.usart_sentstring)
    i.wipe_buffer                            0x08005bae   Section        0  usart.o(i.wipe_buffer)
    .constdata                               0x08005bc2   Section       24  system_stm32f0xx.o(.constdata)
    .data                                    0x20000000   Section       41  app.o(.data)
    .data                                    0x2000002c   Section        5  system.o(.data)
    .data                                    0x20000034   Section        4  rcc.o(.data)
    .data                                    0x20000038   Section       28  timer.o(.data)
    .data                                    0x20000054   Section        8  usart.o(.data)
    .data                                    0x2000005c   Section        6  key.o(.data)
    .data                                    0x20000064   Section       10  adc.o(.data)
    .data                                    0x20000070   Section        4  stm32f0xx_hal.o(.data)
    .data                                    0x20000074   Section        4  system_stm32f0xx.o(.data)
    .data                                    0x20000078   Section     2939  oled.o(.data)
    .data                                    0x20000bf4   Section      105  esp8266.o(.data)
    .data                                    0x20000c60   Section       21  dht11.o(.data)
    shidu_shi                                0x20000c6c   Data           1  dht11.o(.data)
    shidu_ge                                 0x20000c6d   Data           1  dht11.o(.data)
    wendu_shi                                0x20000c6e   Data           1  dht11.o(.data)
    wendu_ge                                 0x20000c6f   Data           1  dht11.o(.data)
    .data                                    0x20000c78   Section        4  stdout.o(.data)
    .bss                                     0x20000c7c   Section      180  timer.o(.bss)
    .bss                                     0x20000d30   Section      556  usart.o(.bss)
    hdma_tx                                  0x20000ee4   Data          60  usart.o(.bss)
    hdma_rx                                  0x20000f20   Data          60  usart.o(.bss)
    .bss                                     0x20000f5c   Section      200  spi.o(.bss)
    .bss                                     0x20001024   Section      370  flashin.o(.bss)
    .bss                                     0x20001198   Section       88  adc.o(.bss)
    .bss                                     0x200011f0   Section       32  stm32f0xx_hal_flash.o(.bss)
    .bss                                     0x20001210   Section      256  esp8266.o(.bss)
    STACK                                    0x20001310   Section     1024  startup_stm32f030x8.o(STACK)

    Global Symbols

    Symbol Name                              Value     Ov Type        Size  Object(Section)

    BuildAttributes$$THM_ISAv3M$S$PE$A:L22$X:L11$S22$IEEE1$IW$USESV6$~STKCKD$USESV7$~SHL$OSPACE$ROPI$EBA8$MICROLIB$REQ8$PRES8$EABIv2 0x00000000   Number         0  anon$$obj.o ABSOLUTE
    __ARM_use_no_argv                        0x00000000   Number         0  system.o ABSOLUTE
    _printf_a                                0x00000000   Number         0  stubs.o ABSOLUTE
    _printf_c                                0x00000000   Number         0  stubs.o ABSOLUTE
    _printf_charcount                        0x00000000   Number         0  stubs.o ABSOLUTE
    _printf_d                                0x00000000   Number         0  stubs.o ABSOLUTE
    _printf_e                                0x00000000   Number         0  stubs.o ABSOLUTE
    _printf_f                                0x00000000   Number         0  stubs.o ABSOLUTE
    _printf_flags                            0x00000000   Number         0  stubs.o ABSOLUTE
    _printf_fp_dec                           0x00000000   Number         0  stubs.o ABSOLUTE
    _printf_fp_hex                           0x00000000   Number         0  stubs.o ABSOLUTE
    _printf_g                                0x00000000   Number         0  stubs.o ABSOLUTE
    _printf_i                                0x00000000   Number         0  stubs.o ABSOLUTE
    _printf_int_dec                          0x00000000   Number         0  stubs.o ABSOLUTE
    _printf_l                                0x00000000   Number         0  stubs.o ABSOLUTE
    _printf_lc                               0x00000000   Number         0  stubs.o ABSOLUTE
    _printf_ll                               0x00000000   Number         0  stubs.o ABSOLUTE
    _printf_lld                              0x00000000   Number         0  stubs.o ABSOLUTE
    _printf_lli                              0x00000000   Number         0  stubs.o ABSOLUTE
    _printf_llo                              0x00000000   Number         0  stubs.o ABSOLUTE
    _printf_llu                              0x00000000   Number         0  stubs.o ABSOLUTE
    _printf_llx                              0x00000000   Number         0  stubs.o ABSOLUTE
    _printf_longlong_dec                     0x00000000   Number         0  stubs.o ABSOLUTE
    _printf_longlong_hex                     0x00000000   Number         0  stubs.o ABSOLUTE
    _printf_longlong_oct                     0x00000000   Number         0  stubs.o ABSOLUTE
    _printf_ls                               0x00000000   Number         0  stubs.o ABSOLUTE
    _printf_mbtowc                           0x00000000   Number         0  stubs.o ABSOLUTE
    _printf_n                                0x00000000   Number         0  stubs.o ABSOLUTE
    _printf_o                                0x00000000   Number         0  stubs.o ABSOLUTE
    _printf_p                                0x00000000   Number         0  stubs.o ABSOLUTE
    _printf_percent                          0x00000000   Number         0  stubs.o ABSOLUTE
    _printf_pre_padding                      0x00000000   Number         0  stubs.o ABSOLUTE
    _printf_return_value                     0x00000000   Number         0  stubs.o ABSOLUTE
    _printf_s                                0x00000000   Number         0  stubs.o ABSOLUTE
    _printf_sizespec                         0x00000000   Number         0  stubs.o ABSOLUTE
    _printf_str                              0x00000000   Number         0  stubs.o ABSOLUTE
    _printf_truncate_signed                  0x00000000   Number         0  stubs.o ABSOLUTE
    _printf_truncate_unsigned                0x00000000   Number         0  stubs.o ABSOLUTE
    _printf_u                                0x00000000   Number         0  stubs.o ABSOLUTE
    _printf_wc                               0x00000000   Number         0  stubs.o ABSOLUTE
    _printf_wctomb                           0x00000000   Number         0  stubs.o ABSOLUTE
    _printf_widthprec                        0x00000000   Number         0  stubs.o ABSOLUTE
    _printf_x                                0x00000000   Number         0  stubs.o ABSOLUTE
    __cpp_initialize__aeabi_                  - Undefined Weak Reference
    __cxa_finalize                            - Undefined Weak Reference
    _clock_init                               - Undefined Weak Reference
    _microlib_exit                            - Undefined Weak Reference
    __Vectors_Size                           0x000000b4   Number         0  startup_stm32f030x8.o ABSOLUTE
    __Vectors                                0x08000000   Data           4  startup_stm32f030x8.o(RESET)
    __Vectors_End                            0x080000b4   Data           0  startup_stm32f030x8.o(RESET)
    __main                                   0x080000b5   Thumb Code     0  entry.o(.ARM.Collect$$$$00000000)
    _main_stk                                0x080000b5   Thumb Code     0  entry2.o(.ARM.Collect$$$$00000001)
    _main_scatterload                        0x080000b9   Thumb Code     0  entry5.o(.ARM.Collect$$$$00000004)
    __main_after_scatterload                 0x080000bd   Thumb Code     0  entry5.o(.ARM.Collect$$$$00000004)
    _main_clock                              0x080000bd   Thumb Code     0  entry7b.o(.ARM.Collect$$$$00000008)
    _main_cpp_init                           0x080000bd   Thumb Code     0  entry8b.o(.ARM.Collect$$$$0000000A)
    _main_init                               0x080000bd   Thumb Code     0  entry9a.o(.ARM.Collect$$$$0000000B)
    __rt_final_cpp                           0x080000c5   Thumb Code     0  entry10a.o(.ARM.Collect$$$$0000000D)
    __rt_final_exit                          0x080000c5   Thumb Code     0  entry11a.o(.ARM.Collect$$$$0000000F)
    Reset_Handler                            0x080000c9   Thumb Code     8  startup_stm32f030x8.o(.text)
    ADC1_IRQHandler                          0x080000db   Thumb Code     0  startup_stm32f030x8.o(.text)
    DMA1_Channel1_IRQHandler                 0x080000db   Thumb Code     0  startup_stm32f030x8.o(.text)
    DMA1_Channel4_5_IRQHandler               0x080000db   Thumb Code     0  startup_stm32f030x8.o(.text)
    EXTI2_3_IRQHandler                       0x080000db   Thumb Code     0  startup_stm32f030x8.o(.text)
    EXTI4_15_IRQHandler                      0x080000db   Thumb Code     0  startup_stm32f030x8.o(.text)
    FLASH_IRQHandler                         0x080000db   Thumb Code     0  startup_stm32f030x8.o(.text)
    I2C1_IRQHandler                          0x080000db   Thumb Code     0  startup_stm32f030x8.o(.text)
    I2C2_IRQHandler                          0x080000db   Thumb Code     0  startup_stm32f030x8.o(.text)
    RCC_IRQHandler                           0x080000db   Thumb Code     0  startup_stm32f030x8.o(.text)
    RTC_IRQHandler                           0x080000db   Thumb Code     0  startup_stm32f030x8.o(.text)
    SPI1_IRQHandler                          0x080000db   Thumb Code     0  startup_stm32f030x8.o(.text)
    SPI2_IRQHandler                          0x080000db   Thumb Code     0  startup_stm32f030x8.o(.text)
    TIM16_IRQHandler                         0x080000db   Thumb Code     0  startup_stm32f030x8.o(.text)
    TIM17_IRQHandler                         0x080000db   Thumb Code     0  startup_stm32f030x8.o(.text)
    TIM1_BRK_UP_TRG_COM_IRQHandler           0x080000db   Thumb Code     0  startup_stm32f030x8.o(.text)
    TIM1_CC_IRQHandler                       0x080000db   Thumb Code     0  startup_stm32f030x8.o(.text)
    WWDG_IRQHandler                          0x080000db   Thumb Code     0  startup_stm32f030x8.o(.text)
    __aeabi_uidiv                            0x080000e5   Thumb Code     0  uidiv.o(.text)
    __aeabi_uidivmod                         0x080000e5   Thumb Code    44  uidiv.o(.text)
    __aeabi_idiv                             0x08000111   Thumb Code     0  idiv.o(.text)
    __aeabi_idivmod                          0x08000111   Thumb Code    40  idiv.o(.text)
    __aeabi_llsr                             0x08000139   Thumb Code    34  llushr.o(.text)
    _ll_ushift_r                             0x08000139   Thumb Code     0  llushr.o(.text)
    __scatterload                            0x0800015d   Thumb Code    28  init.o(.text)
    __scatterload_rt2                        0x0800015d   Thumb Code     0  init.o(.text)
    __decompress                             0x08000181   Thumb Code     0  __dczerorl2.o(.text)
    __decompress1                            0x08000181   Thumb Code    86  __dczerorl2.o(.text)
    ADC_Config                               0x080001d9   Thumb Code   194  adc.o(i.ADC_Config)
    ADC_Read_N                               0x08000499   Thumb Code   114  adc.o(i.ADC_Read_N)
    App_Alarm                                0x08000519   Thumb Code   146  app.o(i.App_Alarm)
    App_Display_Sensor                       0x080005bd   Thumb Code   614  app.o(i.App_Display_Sensor)
    App_Display_Sensor_Config                0x08000879   Thumb Code   650  app.o(i.App_Display_Sensor_Config)
    App_GetSensor_Point                      0x08000b55   Thumb Code    36  app.o(i.App_GetSensor_Point)
    App_Key_Master                           0x08000b7d   Thumb Code  2364  app.o(i.App_Key_Master)
    App_Onenet_Cmd                           0x080014c9   Thumb Code   214  esp8266.o(i.App_Onenet_Cmd)
    App_Syn_Led                              0x080015d9   Thumb Code    64  app.o(i.App_Syn_Led)
    App_Wifi                                 0x08001629   Thumb Code   372  esp8266.o(i.App_Wifi)
    DHT11_PIN_IN                             0x080017d9   Thumb Code    32  dht11.o(i.DHT11_PIN_IN)
    DHT11_PIN_OUT                            0x080017f9   Thumb Code    32  dht11.o(i.DHT11_PIN_OUT)
    DHT11_Read                               0x08001819   Thumb Code   254  dht11.o(i.DHT11_Read)
    DMA1_Channel2_3_IRQHandler               0x080019b9   Thumb Code    20  stm32f0xx_it.o(i.DMA1_Channel2_3_IRQHandler)
    EXTI0_1_IRQHandler                       0x080019f1   Thumb Code    10  stm32f0xx_it.o(i.EXTI0_1_IRQHandler)
    FLASH_PageErase                          0x08001a25   Thumb Code    34  stm32f0xx_hal_flash_ex.o(i.FLASH_PageErase)
    FLASH_WaitForLastOperation               0x08001ab9   Thumb Code   100  stm32f0xx_hal_flash.o(i.FLASH_WaitForLastOperation)
    FlashIn_Erase_Page                       0x08001b21   Thumb Code    36  flashin.o(i.FlashIn_Erase_Page)
    FlashIn_Read_NByte                       0x08001b4d   Thumb Code    42  flashin.o(i.FlashIn_Read_NByte)
    FlashIn_Write_NByte                      0x08001b7d   Thumb Code    62  flashin.o(i.FlashIn_Write_NByte)
    GPIO_Config                              0x08001bbd   Thumb Code   244  gpio.o(i.GPIO_Config)
    HAL_ADCEx_Calibration_Start              0x08001cbd   Thumb Code   194  stm32f0xx_hal_adc_ex.o(i.HAL_ADCEx_Calibration_Start)
    HAL_ADC_ConfigChannel                    0x08001d81   Thumb Code   374  stm32f0xx_hal_adc.o(i.HAL_ADC_ConfigChannel)
    HAL_ADC_GetValue                         0x08001f09   Thumb Code     8  stm32f0xx_hal_adc.o(i.HAL_ADC_GetValue)
    HAL_ADC_Init                             0x08001f11   Thumb Code   440  stm32f0xx_hal_adc.o(i.HAL_ADC_Init)
    HAL_ADC_MspInit                          0x080020d1   Thumb Code     2  stm32f0xx_hal_adc.o(i.HAL_ADC_MspInit)
    HAL_ADC_PollForConversion                0x080020d3   Thumb Code   228  stm32f0xx_hal_adc.o(i.HAL_ADC_PollForConversion)
    HAL_ADC_Start                            0x080021b9   Thumb Code   114  stm32f0xx_hal_adc.o(i.HAL_ADC_Start)
    HAL_ADC_Stop                             0x08002231   Thumb Code    80  stm32f0xx_hal_adc.o(i.HAL_ADC_Stop)
    HAL_DMA_IRQHandler                       0x08002281   Thumb Code   606  stm32f0xx_hal_dma.o(i.HAL_DMA_IRQHandler)
    HAL_DMA_Init                             0x080024e5   Thumb Code    86  stm32f0xx_hal_dma.o(i.HAL_DMA_Init)
    HAL_DMA_Start_IT                         0x08002541   Thumb Code   114  stm32f0xx_hal_dma.o(i.HAL_DMA_Start_IT)
    HAL_FLASHEx_Erase                        0x080025b5   Thumb Code   160  stm32f0xx_hal_flash_ex.o(i.HAL_FLASHEx_Erase)
    HAL_FLASH_Lock                           0x08002661   Thumb Code    16  stm32f0xx_hal_flash.o(i.HAL_FLASH_Lock)
    HAL_FLASH_Program                        0x08002675   Thumb Code   174  stm32f0xx_hal_flash.o(i.HAL_FLASH_Program)
    HAL_FLASH_Unlock                         0x08002731   Thumb Code    32  stm32f0xx_hal_flash.o(i.HAL_FLASH_Unlock)
    HAL_GPIO_EXTI_Callback                   0x0800275d   Thumb Code     2  stm32f0xx_hal_gpio.o(i.HAL_GPIO_EXTI_Callback)
    HAL_GPIO_EXTI_IRQHandler                 0x08002761   Thumb Code    26  stm32f0xx_hal_gpio.o(i.HAL_GPIO_EXTI_IRQHandler)
    HAL_GPIO_Init                            0x08002781   Thumb Code   470  stm32f0xx_hal_gpio.o(i.HAL_GPIO_Init)
    HAL_GPIO_ReadPin                         0x08002971   Thumb Code    18  stm32f0xx_hal_gpio.o(i.HAL_GPIO_ReadPin)
    HAL_GPIO_WritePin                        0x08002983   Thumb Code    12  stm32f0xx_hal_gpio.o(i.HAL_GPIO_WritePin)
    HAL_GetTick                              0x08002991   Thumb Code     6  stm32f0xx_hal.o(i.HAL_GetTick)
    HAL_IncTick                              0x0800299d   Thumb Code    12  stm32f0xx_hal.o(i.HAL_IncTick)
    HAL_InitTick                             0x080029ad   Thumb Code    38  stm32f0xx_hal.o(i.HAL_InitTick)
    HAL_NVIC_EnableIRQ                       0x080029d5   Thumb Code    18  stm32f0xx_hal_cortex.o(i.HAL_NVIC_EnableIRQ)
    HAL_NVIC_SetPriority                     0x080029ed   Thumb Code    18  stm32f0xx_hal_cortex.o(i.HAL_NVIC_SetPriority)
    HAL_RCCEx_PeriphCLKConfig                0x08002a01   Thumb Code   320  stm32f0xx_hal_rcc_ex.o(i.HAL_RCCEx_PeriphCLKConfig)
    HAL_RCC_ClockConfig                      0x08002b4d   Thumb Code   382  stm32f0xx_hal_rcc.o(i.HAL_RCC_ClockConfig)
    HAL_RCC_GetHCLKFreq                      0x08002ce1   Thumb Code     6  stm32f0xx_hal_rcc.o(i.HAL_RCC_GetHCLKFreq)
    HAL_RCC_GetPCLK1Freq                     0x08002ced   Thumb Code    26  stm32f0xx_hal_rcc.o(i.HAL_RCC_GetPCLK1Freq)
    HAL_RCC_GetSysClockFreq                  0x08002d11   Thumb Code   150  stm32f0xx_hal_rcc.o(i.HAL_RCC_GetSysClockFreq)
    HAL_RCC_OscConfig                        0x08002dd9   Thumb Code  1352  stm32f0xx_hal_rcc.o(i.HAL_RCC_OscConfig)
    HAL_SPI_Init                             0x08003325   Thumb Code   234  stm32f0xx_hal_spi.o(i.HAL_SPI_Init)
    HAL_SPI_MspInit                          0x08003415   Thumb Code     2  stm32f0xx_hal_spi.o(i.HAL_SPI_MspInit)
    HAL_SPI_Transmit                         0x08003419   Thumb Code   454  stm32f0xx_hal_spi.o(i.HAL_SPI_Transmit)
    HAL_SYSTICK_Config                       0x080035e5   Thumb Code    46  stm32f0xx_hal_cortex.o(i.HAL_SYSTICK_Config)
    HAL_TIMEx_BreakCallback                  0x0800361d   Thumb Code     2  stm32f0xx_hal_tim_ex.o(i.HAL_TIMEx_BreakCallback)
    HAL_TIMEx_CommutationCallback            0x0800361f   Thumb Code     2  stm32f0xx_hal_tim_ex.o(i.HAL_TIMEx_CommutationCallback)
    HAL_TIM_Base_Init                        0x08003621   Thumb Code    56  stm32f0xx_hal_tim.o(i.HAL_TIM_Base_Init)
    HAL_TIM_Base_MspInit                     0x08003659   Thumb Code     2  stm32f0xx_hal_tim.o(i.HAL_TIM_Base_MspInit)
    HAL_TIM_Base_Start_IT                    0x0800365b   Thumb Code    30  stm32f0xx_hal_tim.o(i.HAL_TIM_Base_Start_IT)
    HAL_TIM_IC_CaptureCallback               0x08003679   Thumb Code     2  stm32f0xx_hal_tim.o(i.HAL_TIM_IC_CaptureCallback)
    HAL_TIM_IRQHandler                       0x0800367b   Thumb Code   456  stm32f0xx_hal_tim.o(i.HAL_TIM_IRQHandler)
    HAL_TIM_OC_DelayElapsedCallback          0x08003843   Thumb Code     2  stm32f0xx_hal_tim.o(i.HAL_TIM_OC_DelayElapsedCallback)
    HAL_TIM_PWM_PulseFinishedCallback        0x08003845   Thumb Code     2  stm32f0xx_hal_tim.o(i.HAL_TIM_PWM_PulseFinishedCallback)
    HAL_TIM_PeriodElapsedCallback            0x08003849   Thumb Code    36  timer.o(i.HAL_TIM_PeriodElapsedCallback)
    HAL_TIM_TriggerCallback                  0x0800387d   Thumb Code     2  stm32f0xx_hal_tim.o(i.HAL_TIM_TriggerCallback)
    HAL_UART_ErrorCallback                   0x0800387f   Thumb Code     2  stm32f0xx_hal_uart.o(i.HAL_UART_ErrorCallback)
    HAL_UART_IRQHandler                      0x08003881   Thumb Code   266  stm32f0xx_hal_uart.o(i.HAL_UART_IRQHandler)
    HAL_UART_Init                            0x0800398b   Thumb Code   130  stm32f0xx_hal_uart.o(i.HAL_UART_Init)
    HAL_UART_MspInit                         0x08003a0d   Thumb Code     2  stm32f0xx_hal_uart.o(i.HAL_UART_MspInit)
    HAL_UART_Receive_DMA                     0x08003a11   Thumb Code   164  stm32f0xx_hal_uart.o(i.HAL_UART_Receive_DMA)
    HAL_UART_Receive_IT                      0x08003ac1   Thumb Code   210  stm32f0xx_hal_uart.o(i.HAL_UART_Receive_IT)
    HAL_UART_RxCpltCallback                  0x08003b99   Thumb Code   118  usart.o(i.HAL_UART_RxCpltCallback)
    HAL_UART_RxHalfCpltCallback              0x08003c31   Thumb Code     2  stm32f0xx_hal_uart.o(i.HAL_UART_RxHalfCpltCallback)
    HAL_UART_Transmit_IT                     0x08003c33   Thumb Code   124  stm32f0xx_hal_uart.o(i.HAL_UART_Transmit_IT)
    HAL_UART_TxCpltCallback                  0x08003caf   Thumb Code     2  usart.o(i.HAL_UART_TxCpltCallback)
    HardFault_Handler                        0x08003cb1   Thumb Code     4  stm32f0xx_it.o(i.HardFault_Handler)
    Key_Config                               0x08003cb5   Thumb Code    66  key.o(i.Key_Config)
    Login_OneNet                             0x08003d01   Thumb Code    10  esp8266.o(i.Login_OneNet)
    NMI_Handler                              0x08003d21   Thumb Code     2  stm32f0xx_it.o(i.NMI_Handler)
    OLED_CLS                                 0x08003d9d   Thumb Code    56  oled.o(i.OLED_CLS)
    OLED_Config                              0x08003dd5   Thumb Code   284  oled.o(i.OLED_Config)
    OLED_P16x16Ch                            0x08003f45   Thumb Code    74  oled.o(i.OLED_P16x16Ch)
    OLED_P8x16                               0x08003f95   Thumb Code   114  oled.o(i.OLED_P8x16)
    OLED_P8x16Str                            0x0800400d   Thumb Code   134  oled.o(i.OLED_P8x16Str)
    PendSV_Handler                           0x08004119   Thumb Code     2  stm32f0xx_it.o(i.PendSV_Handler)
    SPI_Config                               0x0800411d   Thumb Code   164  spi.o(i.SPI_Config)
    SVC_Handler                              0x08004381   Thumb Code     2  stm32f0xx_it.o(i.SVC_Handler)
    SysTick_Handler                          0x08004383   Thumb Code    12  stm32f0xx_it.o(i.SysTick_Handler)
    SysTick_timing                           0x08004391   Thumb Code    20  rcc.o(i.SysTick_timing)
    SystemClock_Config                       0x080043a9   Thumb Code    88  rcc.o(i.SystemClock_Config)
    SystemInit                               0x08004405   Thumb Code   104  system_stm32f0xx.o(i.SystemInit)
    TIM14_IRQHandler                         0x08004479   Thumb Code    10  stm32f0xx_it.o(i.TIM14_IRQHandler)
    TIM15_IRQHandler                         0x08004489   Thumb Code    10  stm32f0xx_it.o(i.TIM15_IRQHandler)
    TIM3_IRQHandler                          0x08004499   Thumb Code    10  stm32f0xx_it.o(i.TIM3_IRQHandler)
    TIM_Base_SetConfig                       0x080044a9   Thumb Code   124  stm32f0xx_hal_tim.o(i.TIM_Base_SetConfig)
    Timer3_Config                            0x0800453d   Thumb Code    86  timer.o(i.Timer3_Config)
    Timer_Config                             0x080045a5   Thumb Code     8  timer.o(i.Timer_Config)
    UART_AdvFeatureConfig                    0x080045ad   Thumb Code   240  stm32f0xx_hal_uart.o(i.UART_AdvFeatureConfig)
    UART_CheckIdleState                      0x0800469d   Thumb Code    30  stm32f0xx_hal_uart.o(i.UART_CheckIdleState)
    UART_EndTransmit_IT                      0x080047c5   Thumb Code    32  stm32f0xx_hal_uart.o(i.UART_EndTransmit_IT)
    UART_Receive_IT                          0x080047e5   Thumb Code   156  stm32f0xx_hal_uart.o(i.UART_Receive_IT)
    UART_SetConfig                           0x08004881   Thumb Code   454  stm32f0xx_hal_uart.o(i.UART_SetConfig)
    UART_Transmit_IT                         0x08004a65   Thumb Code   114  stm32f0xx_hal_uart.o(i.UART_Transmit_IT)
    USART1_IRQHandler                        0x08004ad9   Thumb Code    10  stm32f0xx_it.o(i.USART1_IRQHandler)
    USART2_IRQHandler                        0x08004ae9   Thumb Code    10  stm32f0xx_it.o(i.USART2_IRQHandler)
    Usart1_Config                            0x08004af9   Thumb Code   202  usart.o(i.Usart1_Config)
    Usart2_Config                            0x08004bed   Thumb Code   190  usart.o(i.Usart2_Config)
    Usart_Config                             0x08004cd5   Thumb Code    12  usart.o(i.Usart_Config)
    __0printf$3                              0x08004ce1   Thumb Code    24  printf3.o(i.__0printf$3)
    __1printf$3                              0x08004ce1   Thumb Code     0  printf3.o(i.__0printf$3)
    __2printf                                0x08004ce1   Thumb Code     0  printf3.o(i.__0printf$3)
    __ARM_common_switch8                     0x08004d01   Thumb Code    28  app.o(i.__ARM_common_switch8)
    __scatterload_copy                       0x08004d1d   Thumb Code    14  handlers.o(i.__scatterload_copy)
    __scatterload_null                       0x08004d2b   Thumb Code     2  handlers.o(i.__scatterload_null)
    __scatterload_zeroinit                   0x08004d2d   Thumb Code    14  handlers.o(i.__scatterload_zeroinit)
    delayms                                  0x08004f09   Thumb Code    28  rcc.o(i.delayms)
    esp8266_exit_cipsend                     0x08004f51   Thumb Code   112  esp8266.o(i.esp8266_exit_cipsend)
    esp8266_sta_connect                      0x08004fe1   Thumb Code   698  esp8266.o(i.esp8266_sta_connect)
    esp8266_usart_isr                        0x080053b5   Thumb Code   508  esp8266.o(i.esp8266_usart_isr)
    fputc                                    0x080055d1   Thumb Code    28  usart.o(i.fputc)
    interrupt_1ms                            0x080055f1   Thumb Code   130  system.o(i.interrupt_1ms)
    keyscan                                  0x0800569d   Thumb Code   184  key.o(i.keyscan)
    main                                     0x08005769   Thumb Code     8  system.o(i.main)
    system_config                            0x08005771   Thumb Code    50  system.o(i.system_config)
    system_start                             0x080057ad   Thumb Code    76  system.o(i.system_start)
    uart_set_net_info                        0x080057fd   Thumb Code   750  esp8266.o(i.uart_set_net_info)
    usart_sentdata                           0x08005b45   Thumb Code    70  usart.o(i.usart_sentdata)
    usart_sentstring                         0x08005b95   Thumb Code    26  usart.o(i.usart_sentstring)
    wipe_buffer                              0x08005baf   Thumb Code    20  usart.o(i.wipe_buffer)
    AHBPrescTable                            0x08005bc2   Data          16  system_stm32f0xx.o(.constdata)
    APBPrescTable                            0x08005bd2   Data           8  system_stm32f0xx.o(.constdata)
    Region$$Table$$Base                      0x08005bdc   Number         0  anon$$obj.o(Region$$Table)
    Region$$Table$$Limit                     0x08005bfc   Number         0  anon$$obj.o(Region$$Table)
    temperature                              0x20000000   Data           1  app.o(.data)
    gas_bi                                   0x20000001   Data           1  app.o(.data)
    adc                                      0x20000004   Data           4  app.o(.data)
    min_wendu                                0x20000008   Data           1  app.o(.data)
    max_wendu                                0x20000009   Data           1  app.o(.data)
    min_shidu                                0x2000000a   Data           1  app.o(.data)
    max_shidu                                0x2000000b   Data           1  app.o(.data)
    min_light                                0x2000000c   Data           1  app.o(.data)
    max_light                                0x2000000d   Data           1  app.o(.data)
    min_soil                                 0x2000000e   Data           1  app.o(.data)
    max_soil                                 0x2000000f   Data           1  app.o(.data)
    flag_alarm_on                            0x20000010   Data           1  app.o(.data)
    cnt_beep                                 0x20000014   Data           4  app.o(.data)
    cnt_syn                                  0x20000018   Data           4  app.o(.data)
    cnt_display                              0x2000001c   Data           4  app.o(.data)
    flag_check                               0x20000020   Data           1  app.o(.data)
    flag_beep                                0x20000021   Data           1  app.o(.data)
    flag_net_fan                             0x20000022   Data           1  app.o(.data)
    mode_set                                 0x20000023   Data           1  app.o(.data)
    mode_display                             0x20000024   Data           1  app.o(.data)
    alarm_temperature                        0x20000025   Data           1  app.o(.data)
    alarm_humidity                           0x20000026   Data           1  app.o(.data)
    alarm_light                              0x20000027   Data           1  app.o(.data)
    alarm_soil                               0x20000028   Data           1  app.o(.data)
    system_1ms                               0x2000002c   Data           4  system.o(.data)
    system_point                             0x20000030   Data           1  system.o(.data)
    timecount                                0x20000034   Data           4  rcc.o(.data)
    timer3cnt                                0x20000038   Data           4  timer.o(.data)
    timer14cnt                               0x2000003c   Data           4  timer.o(.data)
    timer15cnt                               0x20000040   Data           4  timer.o(.data)
    cnt_led                                  0x20000044   Data           4  timer.o(.data)
    point_led                                0x20000048   Data           4  timer.o(.data)
    cycle_led                                0x2000004c   Data           1  timer.o(.data)
    cnt_rf                                   0x20000050   Data           4  timer.o(.data)
    rx_update                                0x20000054   Data           1  usart.o(.data)
    rx_flag                                  0x20000055   Data           1  usart.o(.data)
    rx_index                                 0x20000056   Data           2  usart.o(.data)
    rx_cnt                                   0x20000058   Data           2  usart.o(.data)
    rx_index2                                0x2000005a   Data           2  usart.o(.data)
    keycnt                                   0x2000005c   Data           2  key.o(.data)
    key_status                               0x2000005e   Data           1  key.o(.data)
    key_flag                                 0x2000005f   Data           1  key.o(.data)
    key_value                                0x20000060   Data           1  key.o(.data)
    key_temp                                 0x20000061   Data           1  key.o(.data)
    ADC_Result                               0x20000064   Data           4  adc.o(.data)
    cnt_adc                                  0x20000068   Data           2  adc.o(.data)
    bad_adc                                  0x2000006a   Data           1  adc.o(.data)
    light                                    0x2000006b   Data           1  adc.o(.data)
    soil                                     0x2000006c   Data           1  adc.o(.data)
    mq7                                      0x2000006d   Data           1  adc.o(.data)
    uwTick                                   0x20000070   Data           4  stm32f0xx_hal.o(.data)
    SystemCoreClock                          0x20000074   Data           4  system_stm32f0xx.o(.data)
    sec                                      0x20000078   Data           1  oled.o(.data)
    sec1                                     0x20000079   Data           1  oled.o(.data)
    sec2                                     0x2000007a   Data           1  oled.o(.data)
    sectemp                                  0x2000007b   Data           1  oled.o(.data)
    min                                      0x2000007c   Data           1  oled.o(.data)
    min1                                     0x2000007d   Data           1  oled.o(.data)
    min2                                     0x2000007e   Data           1  oled.o(.data)
    mintemp                                  0x2000007f   Data           1  oled.o(.data)
    hour                                     0x20000080   Data           1  oled.o(.data)
    hour1                                    0x20000081   Data           1  oled.o(.data)
    hour2                                    0x20000082   Data           1  oled.o(.data)
    hourtemp                                 0x20000083   Data           1  oled.o(.data)
    date                                     0x20000084   Data           1  oled.o(.data)
    date1                                    0x20000085   Data           1  oled.o(.data)
    date2                                    0x20000086   Data           1  oled.o(.data)
    datetemp                                 0x20000087   Data           1  oled.o(.data)
    mon                                      0x20000088   Data           1  oled.o(.data)
    mon1                                     0x20000089   Data           1  oled.o(.data)
    mon2                                     0x2000008a   Data           1  oled.o(.data)
    montemp                                  0x2000008b   Data           1  oled.o(.data)
    day                                      0x2000008c   Data           1  oled.o(.data)
    daytemp                                  0x2000008d   Data           1  oled.o(.data)
    year                                     0x2000008e   Data           1  oled.o(.data)
    year1                                    0x2000008f   Data           1  oled.o(.data)
    year2                                    0x20000090   Data           1  oled.o(.data)
    yeartemp                                 0x20000091   Data           1  oled.o(.data)
    num                                      0x20000092   Data          17  oled.o(.data)
    F16x16                                   0x200000a3   Data        1376  oled.o(.data)
    F8X16                                    0x20000603   Data        1520  oled.o(.data)
    cnt_esp8266                              0x20000bf4   Data           4  esp8266.o(.data)
    status_esp8266                           0x20000bf8   Data           1  esp8266.o(.data)
    ok_esp8266                               0x20000bf9   Data           1  esp8266.o(.data)
    ssid                                     0x20000bfa   Data          21  esp8266.o(.data)
    password                                 0x20000c0f   Data          21  esp8266.o(.data)
    tcps                                     0x20000c24   Data          21  esp8266.o(.data)
    port                                     0x20000c39   Data          21  esp8266.o(.data)
    save_index                               0x20000c4e   Data           1  esp8266.o(.data)
    set_update                               0x20000c4f   Data           1  esp8266.o(.data)
    point_app_wifi                           0x20000c50   Data           1  esp8266.o(.data)
    cnt_app_wifi                             0x20000c54   Data           4  esp8266.o(.data)
    cmd_onenet                               0x20000c58   Data           1  esp8266.o(.data)
    value_onenet                             0x20000c59   Data           1  esp8266.o(.data)
    update_onenet                            0x20000c5a   Data           1  esp8266.o(.data)
    flag_message                             0x20000c5b   Data           1  esp8266.o(.data)
    limit_message                            0x20000c5c   Data           1  esp8266.o(.data)
    dht11_temperature                        0x20000c60   Data           4  dht11.o(.data)
    dht11_humidity                           0x20000c64   Data           4  dht11.o(.data)
    datatemp                                 0x20000c68   Data           4  dht11.o(.data)
    temp_hl                                  0x20000c70   Data           1  dht11.o(.data)
    temp_hh                                  0x20000c71   Data           1  dht11.o(.data)
    temp_th                                  0x20000c72   Data           1  dht11.o(.data)
    temp_tl                                  0x20000c73   Data           1  dht11.o(.data)
    Cheak_Data                               0x20000c74   Data           1  dht11.o(.data)
    __stdout                                 0x20000c78   Data           4  stdout.o(.data)
    Tim3Handle                               0x20000c7c   Data          60  timer.o(.bss)
    Tim14Handle                              0x20000cb8   Data          60  timer.o(.bss)
    Tim15Handle                              0x20000cf4   Data          60  timer.o(.bss)
    rx_temp                                  0x20000d30   Data         100  usart.o(.bss)
    uart_temp                                0x20000d94   Data          10  usart.o(.bss)
    rx_temp2                                 0x20000d9e   Data         100  usart.o(.bss)
    UART1_Handle                             0x20000e04   Data         112  usart.o(.bss)
    UART2_Handle                             0x20000e74   Data         112  usart.o(.bss)
    SPI1_Handle                              0x20000f5c   Data         100  spi.o(.bss)
    SPI2_Handle                              0x20000fc0   Data         100  spi.o(.bss)
    bit16                                    0x20001024   Data          60  flashin.o(.bss)
    Flash_Buf                                0x20001060   Data         310  flashin.o(.bss)
    ADC_Handle                               0x20001198   Data          76  adc.o(.bss)
    ADC_Channel_Config                       0x200011e4   Data          12  adc.o(.bss)
    pFlash                                   0x200011f0   Data          32  stm32f0xx_hal_flash.o(.bss)
    tx_temp                                  0x20001210   Data         256  esp8266.o(.bss)
    __initial_sp                             0x20001710   Data           0  startup_stm32f030x8.o(STACK)



==============================================================================

Memory Map of the image

  Image Entry point : 0x080000b5

  Load Region LR_IROM1 (Base: 0x08000000, Size: 0x00006878, Max: 0x00010000, ABSOLUTE, COMPRESSED[0x00006350])

    Execution Region ER_IROM1 (Base: 0x08000000, Size: 0x00005bfc, Max: 0x00010000, ABSOLUTE)

    Base Addr    Size         Type   Attr      Idx    E Section Name        Object

    0x08000000   0x000000b4   Data   RO         3157    RESET               startup_stm32f030x8.o
    0x080000b4   0x00000000   Code   RO         3588  * .ARM.Collect$$$$00000000  mc_p.l(entry.o)
    0x080000b4   0x00000004   Code   RO         3868    .ARM.Collect$$$$00000001  mc_p.l(entry2.o)
    0x080000b8   0x00000004   Code   RO         3871    .ARM.Collect$$$$00000004  mc_p.l(entry5.o)
    0x080000bc   0x00000000   Code   RO         3873    .ARM.Collect$$$$00000008  mc_p.l(entry7b.o)
    0x080000bc   0x00000000   Code   RO         3875    .ARM.Collect$$$$0000000A  mc_p.l(entry8b.o)
    0x080000bc   0x00000008   Code   RO         3876    .ARM.Collect$$$$0000000B  mc_p.l(entry9a.o)
    0x080000c4   0x00000000   Code   RO         3878    .ARM.Collect$$$$0000000D  mc_p.l(entry10a.o)
    0x080000c4   0x00000000   Code   RO         3880    .ARM.Collect$$$$0000000F  mc_p.l(entry11a.o)
    0x080000c4   0x00000004   Code   RO         3869    .ARM.Collect$$$$00002712  mc_p.l(entry2.o)
    0x080000c8   0x0000001c   Code   RO         3158    .text               startup_stm32f030x8.o
    0x080000e4   0x0000002c   Code   RO         3591    .text               mc_p.l(uidiv.o)
    0x08000110   0x00000028   Code   RO         3593    .text               mc_p.l(idiv.o)
    0x08000138   0x00000022   Code   RO         3595    .text               mc_p.l(llushr.o)
    0x0800015a   0x00000002   PAD
    0x0800015c   0x00000024   Code   RO         3896    .text               mc_p.l(init.o)
    0x08000180   0x00000056   Code   RO         3910    .text               mc_p.l(__dczerorl2.o)
    0x080001d6   0x00000002   PAD
    0x080001d8   0x000000d4   Code   RO          673    i.ADC_Config        adc.o
    0x080002ac   0x0000006c   Code   RO         2961    i.ADC_ConversionStop  stm32f0xx_hal_adc.o
    0x08000318   0x000000aa   Code   RO         2965    i.ADC_Disable       stm32f0xx_hal_adc.o
    0x080003c2   0x00000002   PAD
    0x080003c4   0x000000d4   Code   RO         2966    i.ADC_Enable        stm32f0xx_hal_adc.o
    0x08000498   0x00000080   Code   RO          675    i.ADC_Read_N        adc.o
    0x08000518   0x000000a4   Code   RO            3    i.App_Alarm         app.o
    0x080005bc   0x000002bc   Code   RO            4    i.App_Display_Sensor  app.o
    0x08000878   0x000002dc   Code   RO            5    i.App_Display_Sensor_Config  app.o
    0x08000b54   0x00000028   Code   RO            6    i.App_GetSensor_Point  app.o
    0x08000b7c   0x0000094c   Code   RO            7    i.App_Key_Master    app.o
    0x080014c8   0x00000110   Code   RO         3418    i.App_Onenet_Cmd    esp8266.o
    0x080015d8   0x00000050   Code   RO            8    i.App_Syn_Led       app.o
    0x08001628   0x000001b0   Code   RO         3419    i.App_Wifi          esp8266.o
    0x080017d8   0x00000020   Code   RO         3488    i.DHT11_PIN_IN      dht11.o
    0x080017f8   0x00000020   Code   RO         3489    i.DHT11_PIN_OUT     dht11.o
    0x08001818   0x00000120   Code   RO         3490    i.DHT11_Read        dht11.o
    0x08001938   0x00000080   Code   RO         3491    i.DHT11_ReadDataBit  dht11.o
    0x080019b8   0x00000018   Code   RO          271    i.DMA1_Channel2_3_IRQHandler  stm32f0xx_it.o
    0x080019d0   0x00000020   Code   RO          925    i.DMA_SetConfig     stm32f0xx_hal_dma.o
    0x080019f0   0x0000000a   Code   RO          272    i.EXTI0_1_IRQHandler  stm32f0xx_it.o
    0x080019fa   0x00000002   PAD
    0x080019fc   0x00000028   Code   RO         2144    i.FLASH_MassErase   stm32f0xx_hal_flash_ex.o
    0x08001a24   0x0000002c   Code   RO         2153    i.FLASH_PageErase   stm32f0xx_hal_flash_ex.o
    0x08001a50   0x00000020   Code   RO         1004    i.FLASH_Program_HalfWord  stm32f0xx_hal_flash.o
    0x08001a70   0x00000048   Code   RO         1005    i.FLASH_SetErrorCode  stm32f0xx_hal_flash.o
    0x08001ab8   0x00000068   Code   RO         1006    i.FLASH_WaitForLastOperation  stm32f0xx_hal_flash.o
    0x08001b20   0x00000024   Code   RO          613    i.FlashIn_Erase_Page  flashin.o
    0x08001b44   0x00000008   Code   RO          614    i.FlashIn_Read_Byte  flashin.o
    0x08001b4c   0x00000030   Code   RO          615    i.FlashIn_Read_NByte  flashin.o
    0x08001b7c   0x0000003e   Code   RO          617    i.FlashIn_Write_NByte  flashin.o
    0x08001bba   0x00000002   PAD
    0x08001bbc   0x00000100   Code   RO          535    i.GPIO_Config       gpio.o
    0x08001cbc   0x000000c2   Code   RO         3137    i.HAL_ADCEx_Calibration_Start  stm32f0xx_hal_adc_ex.o
    0x08001d7e   0x00000002   PAD
    0x08001d80   0x00000188   Code   RO         2968    i.HAL_ADC_ConfigChannel  stm32f0xx_hal_adc.o
    0x08001f08   0x00000008   Code   RO         2975    i.HAL_ADC_GetValue  stm32f0xx_hal_adc.o
    0x08001f10   0x000001c0   Code   RO         2977    i.HAL_ADC_Init      stm32f0xx_hal_adc.o
    0x080020d0   0x00000002   Code   RO         2980    i.HAL_ADC_MspInit   stm32f0xx_hal_adc.o
    0x080020d2   0x000000e4   Code   RO         2981    i.HAL_ADC_PollForConversion  stm32f0xx_hal_adc.o
    0x080021b6   0x00000002   PAD
    0x080021b8   0x00000078   Code   RO         2983    i.HAL_ADC_Start     stm32f0xx_hal_adc.o
    0x08002230   0x00000050   Code   RO         2986    i.HAL_ADC_Stop      stm32f0xx_hal_adc.o
    0x08002280   0x00000264   Code   RO          931    i.HAL_DMA_IRQHandler  stm32f0xx_hal_dma.o
    0x080024e4   0x0000005c   Code   RO          932    i.HAL_DMA_Init      stm32f0xx_hal_dma.o
    0x08002540   0x00000072   Code   RO          935    i.HAL_DMA_Start_IT  stm32f0xx_hal_dma.o
    0x080025b2   0x00000002   PAD
    0x080025b4   0x000000ac   Code   RO         2154    i.HAL_FLASHEx_Erase  stm32f0xx_hal_flash_ex.o
    0x08002660   0x00000014   Code   RO         1010    i.HAL_FLASH_Lock    stm32f0xx_hal_flash.o
    0x08002674   0x000000bc   Code   RO         1015    i.HAL_FLASH_Program  stm32f0xx_hal_flash.o
    0x08002730   0x0000002c   Code   RO         1017    i.HAL_FLASH_Unlock  stm32f0xx_hal_flash.o
    0x0800275c   0x00000002   Code   RO         1104    i.HAL_GPIO_EXTI_Callback  stm32f0xx_hal_gpio.o
    0x0800275e   0x00000002   PAD
    0x08002760   0x00000020   Code   RO         1105    i.HAL_GPIO_EXTI_IRQHandler  stm32f0xx_hal_gpio.o
    0x08002780   0x000001f0   Code   RO         1106    i.HAL_GPIO_Init     stm32f0xx_hal_gpio.o
    0x08002970   0x00000012   Code   RO         1108    i.HAL_GPIO_ReadPin  stm32f0xx_hal_gpio.o
    0x08002982   0x0000000c   Code   RO         1110    i.HAL_GPIO_WritePin  stm32f0xx_hal_gpio.o
    0x0800298e   0x00000002   PAD
    0x08002990   0x0000000c   Code   RO          721    i.HAL_GetTick       stm32f0xx_hal.o
    0x0800299c   0x00000010   Code   RO          722    i.HAL_IncTick       stm32f0xx_hal.o
    0x080029ac   0x00000026   Code   RO          724    i.HAL_InitTick      stm32f0xx_hal.o
    0x080029d2   0x00000002   PAD
    0x080029d4   0x00000018   Code   RO          833    i.HAL_NVIC_EnableIRQ  stm32f0xx_hal_cortex.o
    0x080029ec   0x00000012   Code   RO          837    i.HAL_NVIC_SetPriority  stm32f0xx_hal_cortex.o
    0x080029fe   0x00000002   PAD
    0x08002a00   0x0000014c   Code   RO         2248    i.HAL_RCCEx_PeriphCLKConfig  stm32f0xx_hal_rcc_ex.o
    0x08002b4c   0x00000194   Code   RO         1166    i.HAL_RCC_ClockConfig  stm32f0xx_hal_rcc.o
    0x08002ce0   0x0000000c   Code   RO         1171    i.HAL_RCC_GetHCLKFreq  stm32f0xx_hal_rcc.o
    0x08002cec   0x00000024   Code   RO         1173    i.HAL_RCC_GetPCLK1Freq  stm32f0xx_hal_rcc.o
    0x08002d10   0x000000c8   Code   RO         1174    i.HAL_RCC_GetSysClockFreq  stm32f0xx_hal_rcc.o
    0x08002dd8   0x0000054c   Code   RO         1177    i.HAL_RCC_OscConfig  stm32f0xx_hal_rcc.o
    0x08003324   0x000000f0   Code   RO         2521    i.HAL_SPI_Init      stm32f0xx_hal_spi.o
    0x08003414   0x00000002   Code   RO         2523    i.HAL_SPI_MspInit   stm32f0xx_hal_spi.o
    0x08003416   0x00000002   PAD
    0x08003418   0x000001cc   Code   RO         2529    i.HAL_SPI_Transmit  stm32f0xx_hal_spi.o
    0x080035e4   0x00000038   Code   RO          841    i.HAL_SYSTICK_Config  stm32f0xx_hal_cortex.o
    0x0800361c   0x00000002   Code   RO         2278    i.HAL_TIMEx_BreakCallback  stm32f0xx_hal_tim_ex.o
    0x0800361e   0x00000002   Code   RO         2279    i.HAL_TIMEx_CommutationCallback  stm32f0xx_hal_tim_ex.o
    0x08003620   0x00000038   Code   RO         1259    i.HAL_TIM_Base_Init  stm32f0xx_hal_tim.o
    0x08003658   0x00000002   Code   RO         1261    i.HAL_TIM_Base_MspInit  stm32f0xx_hal_tim.o
    0x0800365a   0x0000001e   Code   RO         1264    i.HAL_TIM_Base_Start_IT  stm32f0xx_hal_tim.o
    0x08003678   0x00000002   Code   RO         1288    i.HAL_TIM_IC_CaptureCallback  stm32f0xx_hal_tim.o
    0x0800367a   0x000001c8   Code   RO         1301    i.HAL_TIM_IRQHandler  stm32f0xx_hal_tim.o
    0x08003842   0x00000002   Code   RO         1304    i.HAL_TIM_OC_DelayElapsedCallback  stm32f0xx_hal_tim.o
    0x08003844   0x00000002   Code   RO         1331    i.HAL_TIM_PWM_PulseFinishedCallback  stm32f0xx_hal_tim.o
    0x08003846   0x00000002   PAD
    0x08003848   0x00000034   Code   RO          398    i.HAL_TIM_PeriodElapsedCallback  timer.o
    0x0800387c   0x00000002   Code   RO         1342    i.HAL_TIM_TriggerCallback  stm32f0xx_hal_tim.o
    0x0800387e   0x00000002   Code   RO         1906    i.HAL_UART_ErrorCallback  stm32f0xx_hal_uart.o
    0x08003880   0x0000010a   Code   RO         1909    i.HAL_UART_IRQHandler  stm32f0xx_hal_uart.o
    0x0800398a   0x00000082   Code   RO         1910    i.HAL_UART_Init     stm32f0xx_hal_uart.o
    0x08003a0c   0x00000002   Code   RO         1912    i.HAL_UART_MspInit  stm32f0xx_hal_uart.o
    0x08003a0e   0x00000002   PAD
    0x08003a10   0x000000b0   Code   RO         1914    i.HAL_UART_Receive_DMA  stm32f0xx_hal_uart.o
    0x08003ac0   0x000000d8   Code   RO         1915    i.HAL_UART_Receive_IT  stm32f0xx_hal_uart.o
    0x08003b98   0x00000098   Code   RO          449    i.HAL_UART_RxCpltCallback  usart.o
    0x08003c30   0x00000002   Code   RO         1917    i.HAL_UART_RxHalfCpltCallback  stm32f0xx_hal_uart.o
    0x08003c32   0x0000007c   Code   RO         1920    i.HAL_UART_Transmit_IT  stm32f0xx_hal_uart.o
    0x08003cae   0x00000002   Code   RO          450    i.HAL_UART_TxCpltCallback  usart.o
    0x08003cb0   0x00000004   Code   RO          273    i.HardFault_Handler  stm32f0xx_it.o
    0x08003cb4   0x0000004c   Code   RO          581    i.Key_Config        key.o
    0x08003d00   0x00000020   Code   RO         3420    i.Login_OneNet      esp8266.o
    0x08003d20   0x00000002   Code   RO          274    i.NMI_Handler       stm32f0xx_it.o
    0x08003d22   0x00000002   PAD
    0x08003d24   0x00000078   Code   RO          843    i.NVIC_SetPriority  stm32f0xx_hal_cortex.o
    0x08003d9c   0x00000038   Code   RO         3197    i.OLED_CLS          oled.o
    0x08003dd4   0x00000134   Code   RO         3198    i.OLED_Config       oled.o
    0x08003f08   0x0000003a   Code   RO         3199    i.OLED_Fill         oled.o
    0x08003f42   0x00000002   PAD
    0x08003f44   0x00000050   Code   RO         3200    i.OLED_P16x16Ch     oled.o
    0x08003f94   0x00000078   Code   RO         3201    i.OLED_P8x16        oled.o
    0x0800400c   0x0000008c   Code   RO         3202    i.OLED_P8x16Str     oled.o
    0x08004098   0x0000002e   Code   RO         3203    i.OLED_Set_Pos      oled.o
    0x080040c6   0x00000002   PAD
    0x080040c8   0x00000028   Code   RO         3204    i.OLED_WrCmd        oled.o
    0x080040f0   0x00000028   Code   RO         3205    i.OLED_WrDat        oled.o
    0x08004118   0x00000002   Code   RO          275    i.PendSV_Handler    stm32f0xx_it.o
    0x0800411a   0x00000002   PAD
    0x0800411c   0x000000b4   Code   RO          555    i.SPI_Config        spi.o
    0x080041d0   0x00000044   Code   RO         2556    i.SPI_EndRxTxTransaction  stm32f0xx_hal_spi.o
    0x08004214   0x000000c0   Code   RO         2563    i.SPI_WaitFifoStateUntilTimeout  stm32f0xx_hal_spi.o
    0x080042d4   0x000000ac   Code   RO         2564    i.SPI_WaitFlagStateUntilTimeout  stm32f0xx_hal_spi.o
    0x08004380   0x00000002   Code   RO          276    i.SVC_Handler       stm32f0xx_it.o
    0x08004382   0x0000000c   Code   RO          277    i.SysTick_Handler   stm32f0xx_it.o
    0x0800438e   0x00000002   PAD
    0x08004390   0x00000018   Code   RO          360    i.SysTick_timing    rcc.o
    0x080043a8   0x0000005c   Code   RO          361    i.SystemClock_Config  rcc.o
    0x08004404   0x00000074   Code   RO         3165    i.SystemInit        system_stm32f0xx.o
    0x08004478   0x00000010   Code   RO          278    i.TIM14_IRQHandler  stm32f0xx_it.o
    0x08004488   0x00000010   Code   RO          279    i.TIM15_IRQHandler  stm32f0xx_it.o
    0x08004498   0x00000010   Code   RO          280    i.TIM3_IRQHandler   stm32f0xx_it.o
    0x080044a8   0x00000094   Code   RO         1343    i.TIM_Base_SetConfig  stm32f0xx_hal_tim.o
    0x0800453c   0x00000068   Code   RO          401    i.Timer3_Config     timer.o
    0x080045a4   0x00000008   Code   RO          402    i.Timer_Config      timer.o
    0x080045ac   0x000000f0   Code   RO         1923    i.UART_AdvFeatureConfig  stm32f0xx_hal_uart.o
    0x0800469c   0x0000001e   Code   RO         1924    i.UART_CheckIdleState  stm32f0xx_hal_uart.o
    0x080046ba   0x0000002a   Code   RO         1925    i.UART_DMAError     stm32f0xx_hal_uart.o
    0x080046e4   0x00000032   Code   RO         1926    i.UART_DMAReceiveCplt  stm32f0xx_hal_uart.o
    0x08004716   0x0000000e   Code   RO         1927    i.UART_DMARxHalfCplt  stm32f0xx_hal_uart.o
    0x08004724   0x000000a0   Code   RO          451    i.UART_DMA_Config   usart.o
    0x080047c4   0x00000020   Code   RO         1930    i.UART_EndTransmit_IT  stm32f0xx_hal_uart.o
    0x080047e4   0x0000009c   Code   RO         1931    i.UART_Receive_IT   stm32f0xx_hal_uart.o
    0x08004880   0x000001e4   Code   RO         1932    i.UART_SetConfig    stm32f0xx_hal_uart.o
    0x08004a64   0x00000072   Code   RO         1933    i.UART_Transmit_IT  stm32f0xx_hal_uart.o
    0x08004ad6   0x00000002   PAD
    0x08004ad8   0x00000010   Code   RO          281    i.USART1_IRQHandler  stm32f0xx_it.o
    0x08004ae8   0x00000010   Code   RO          282    i.USART2_IRQHandler  stm32f0xx_it.o
    0x08004af8   0x000000f4   Code   RO          452    i.Usart1_Config     usart.o
    0x08004bec   0x000000e8   Code   RO          453    i.Usart2_Config     usart.o
    0x08004cd4   0x0000000c   Code   RO          454    i.Usart_Config      usart.o
    0x08004ce0   0x00000020   Code   RO         3688    i.__0printf$3       mc_p.l(printf3.o)
    0x08004d00   0x0000001c   Code   RO           52    i.__ARM_common_switch8  app.o
    0x08004d1c   0x0000000e   Code   RO         3904    i.__scatterload_copy  mc_p.l(handlers.o)
    0x08004d2a   0x00000002   Code   RO         3905    i.__scatterload_null  mc_p.l(handlers.o)
    0x08004d2c   0x0000000e   Code   RO         3906    i.__scatterload_zeroinit  mc_p.l(handlers.o)
    0x08004d3a   0x00000002   PAD
    0x08004d3c   0x000001cc   Code   RO         3695    i._printf_core      mc_p.l(printf3.o)
    0x08004f08   0x00000024   Code   RO          362    i.delayms           rcc.o
    0x08004f2c   0x00000024   Code   RO         3493    i.delayus           dht11.o
    0x08004f50   0x00000090   Code   RO         3422    i.esp8266_exit_cipsend  esp8266.o
    0x08004fe0   0x000003d4   Code   RO         3423    i.esp8266_sta_connect  esp8266.o
    0x080053b4   0x0000021c   Code   RO         3424    i.esp8266_usart_isr  esp8266.o
    0x080055d0   0x00000020   Code   RO          455    i.fputc             usart.o
    0x080055f0   0x000000ac   Code   RO          222    i.interrupt_1ms     system.o
    0x0800569c   0x000000cc   Code   RO          582    i.keyscan           key.o
    0x08005768   0x00000008   Code   RO          223    i.main              system.o
    0x08005770   0x0000003c   Code   RO          224    i.system_config     system.o
    0x080057ac   0x00000050   Code   RO          225    i.system_start      system.o
    0x080057fc   0x00000348   Code   RO         3425    i.uart_set_net_info  esp8266.o
    0x08005b44   0x00000050   Code   RO          457    i.usart_sentdata    usart.o
    0x08005b94   0x0000001a   Code   RO          458    i.usart_sentstring  usart.o
    0x08005bae   0x00000014   Code   RO          459    i.wipe_buffer       usart.o
    0x08005bc2   0x00000018   Data   RO         3166    .constdata          system_stm32f0xx.o
    0x08005bda   0x00000002   PAD
    0x08005bdc   0x00000020   Data   RO         3902    Region$$Table       anon$$obj.o


    Execution Region RW_IRAM1 (Base: 0x20000000, Size: 0x00001710, Max: 0x00002000, ABSOLUTE, COMPRESSED[0x00000754])

    Base Addr    Size         Type   Attr      Idx    E Section Name        Object

    0x20000000   0x00000029   Data   RW            9    .data               app.o
    0x20000029   0x00000003   PAD
    0x2000002c   0x00000005   Data   RW          226    .data               system.o
    0x20000031   0x00000003   PAD
    0x20000034   0x00000004   Data   RW          363    .data               rcc.o
    0x20000038   0x0000001c   Data   RW          404    .data               timer.o
    0x20000054   0x00000008   Data   RW          461    .data               usart.o
    0x2000005c   0x00000006   Data   RW          583    .data               key.o
    0x20000062   0x00000002   PAD
    0x20000064   0x0000000a   Data   RW          677    .data               adc.o
    0x2000006e   0x00000002   PAD
    0x20000070   0x00000004   Data   RW          729    .data               stm32f0xx_hal.o
    0x20000074   0x00000004   Data   RW         3167    .data               system_stm32f0xx.o
    0x20000078   0x00000b7b   Data   RW         3206    .data               oled.o
    0x20000bf3   0x00000001   PAD
    0x20000bf4   0x00000069   Data   RW         3427    .data               esp8266.o
    0x20000c5d   0x00000003   PAD
    0x20000c60   0x00000015   Data   RW         3494    .data               dht11.o
    0x20000c75   0x00000003   PAD
    0x20000c78   0x00000004   Data   RW         3882    .data               mc_p.l(stdout.o)
    0x20000c7c   0x000000b4   Zero   RW          403    .bss                timer.o
    0x20000d30   0x0000022c   Zero   RW          460    .bss                usart.o
    0x20000f5c   0x000000c8   Zero   RW          556    .bss                spi.o
    0x20001024   0x00000172   Zero   RW          620    .bss                flashin.o
    0x20001196   0x00000002   PAD
    0x20001198   0x00000058   Zero   RW          676    .bss                adc.o
    0x200011f0   0x00000020   Zero   RW         1018    .bss                stm32f0xx_hal_flash.o
    0x20001210   0x00000100   Zero   RW         3426    .bss                esp8266.o
    0x20001310   0x00000400   Zero   RW         3155    STACK               startup_stm32f030x8.o


==============================================================================

Image component sizes


      Code (inc. data)   RO Data    RW Data    ZI Data      Debug   Object Name

       340         32          0         10         88       2320   adc.o
      4124        382          0         41          0     290696   app.o
       516         44          0         21          0       3859   dht11.o
      3240        586          0        105        256       7083   esp8266.o
       154          6          0          0        370       3234   flashin.o
       256         12          0          0          0       1070   gpio.o
       280         30          0          6          0       2195   key.o
       888         70          0       2939          0       7089   oled.o
       152         16          0          4          0       2028   rcc.o
       180         16          0          0        200       1359   spi.o
        28          8        180          0       1024        648   startup_stm32f030x8.o
        66         10          0          4          0       2744   stm32f0xx_hal.o
      1768         46          0          0          0       8383   stm32f0xx_hal_adc.o
       194          0          0          0          0       1322   stm32f0xx_hal_adc_ex.o
       218         26          0          0          0       9169   stm32f0xx_hal_cortex.o
       850         12          0          0          0       3579   stm32f0xx_hal_dma.o
       460         52          0          0         32       4438   stm32f0xx_hal_flash.o
       256         30          0          0          0       2595   stm32f0xx_hal_flash_ex.o
       560         32          0          0          0       4239   stm32f0xx_hal_gpio.o
      2008        104          0          0          0       5109   stm32f0xx_hal_rcc.o
       332         12          0          0          0       1432   stm32f0xx_hal_rcc_ex.o
      1134         22          0          0          0       5460   stm32f0xx_hal_spi.o
       700         24          0          0          0       6306   stm32f0xx_hal_tim.o
         4          0          0          0          0       1618   stm32f0xx_hal_tim_ex.o
      2080         48          0          0          0      12398   stm32f0xx_hal_uart.o
       136         34          0          0          0       6109   stm32f0xx_it.o
       320         56          0          5          0       2536   system.o
       116         12         24          4          0       1363   system_stm32f0xx.o
       164         34          0         28        180       2663   timer.o
       960        148          0          8        556       7172   usart.o

    ----------------------------------------------------------------------
     22522       1904        238       3192       2708     410216   Object Totals
         0          0         32          0          0          0   (incl. Generated)
        38          0          2         17          2          0   (incl. Padding)

    ----------------------------------------------------------------------

      Code (inc. data)   RO Data    RW Data    ZI Data      Debug   Library Member Name

        86          0          0          0          0          0   __dczerorl2.o
         0          0          0          0          0          0   entry.o
         0          0          0          0          0          0   entry10a.o
         0          0          0          0          0          0   entry11a.o
         8          4          0          0          0          0   entry2.o
         4          0          0          0          0          0   entry5.o
         0          0          0          0          0          0   entry7b.o
         0          0          0          0          0          0   entry8b.o
         8          4          0          0          0          0   entry9a.o
        30          0          0          0          0          0   handlers.o
        40          0          0          0          0         72   idiv.o
        36          8          0          0          0         68   init.o
        34          0          0          0          0         68   llushr.o
       492         12          0          0          0        168   printf3.o
         0          0          0          4          0          0   stdout.o
        44          0          0          0          0         72   uidiv.o

    ----------------------------------------------------------------------
       788         28          0          4          0        448   Library Totals
         6          0          0          0          0          0   (incl. Padding)

    ----------------------------------------------------------------------

      Code (inc. data)   RO Data    RW Data    ZI Data      Debug   Library Name

       782         28          0          4          0        448   mc_p.l

    ----------------------------------------------------------------------
       788         28          0          4          0        448   Library Totals

    ----------------------------------------------------------------------

==============================================================================


      Code (inc. data)   RO Data    RW Data    ZI Data      Debug   

     23310       1932        238       3196       2708     404464   Grand Totals
     23310       1932        238       1876       2708     404464   ELF Image Totals (compressed)
     23310       1932        238       1876          0          0   ROM Totals

==============================================================================

    Total RO  Size (Code + RO Data)                23548 (  23.00kB)
    Total RW  Size (RW Data + ZI Data)              5904 (   5.77kB)
    Total ROM Size (Code + RO Data + RW Data)      25424 (  24.83kB)

==============================================================================

